<html>
<body>
<pre>
<h1>µVision Build Log</h1>
<h2>Tool Versions:</h2>
IDE-Version: µVision V5.31.0.0
Copyright (C) 2020 ARM Ltd and ARM Germany GmbH. All rights reserved.
License Information: Shri Hari Pandey, IIT - Roorkee, LIC=----
 
Tool Versions:
Toolchain:       MDK-Lite  Version: 5.31.0.0
Toolchain Path:  C:\Keil_v5\ARM\ARMCLANG\Bin
C Compiler:      ArmClang.exe V6.14
Assembler:       Armasm.exe V6.14
Linker/Locator:  ArmLink.exe V6.14
Library Manager: ArmAr.exe V6.14
Hex Converter:   FromElf.exe V6.14
CPU DLL:         SARMCM3.DLL V5.31.0.0
Dialog DLL:      DCM.DLL V1.17.3.0
Target DLL:      lmidk-agdi.dll V???
Dialog DLL:      TCM.DLL V1.46.0.0
 
<h2>Project:</h2>
C:\Users\Shri Hari Pandey\Desktop\ECN-343\Course Project\commonFunctions.uvprojx
Project File Date:  10/24/2024

<h2>Output:</h2>
*** Using Compiler 'V6.14', folder: 'C:\Keil_v5\ARM\ARMCLANG\Bin'
Build target 'Target 1'
functions.cpp(5): warning: use of old-style cast [-Wold-style-cast]
  SYSCTL->RCGCGPIO |= 0x20;  // Turn on bus clock for GPIOF
  ^~~~~~
C:/Users/Shri Hari Pandey/AppData/Local/Arm/Packs/Keil/TM4C_DFP/1.1.0/Device/Include/TM4C123/TM4C123GH6PM.h(1663): note: expanded from macro 'SYSCTL'
#define SYSCTL                          ((SYSCTL_Type             *) SYSCTL_BASE)
                                         ^                           ~~~~~~~~~~~
functions.cpp(6): warning: use of old-style cast [-Wold-style-cast]
  while ((SYSCTL->PRGPIO & 0x20) == 0) {};  // Wait for GPIOF to be ready
          ^~~~~~
C:/Users/Shri Hari Pandey/AppData/Local/Arm/Packs/Keil/TM4C_DFP/1.1.0/Device/Include/TM4C123/TM4C123GH6PM.h(1663): note: expanded from macro 'SYSCTL'
#define SYSCTL                          ((SYSCTL_Type             *) SYSCTL_BASE)
                                         ^                           ~~~~~~~~~~~
functions.cpp(6): warning: empty expression statement has no effect; remove unnecessary ';' to silence this warning [-Wextra-semi-stmt]
  while ((SYSCTL->PRGPIO & 0x20) == 0) {};  // Wait for GPIOF to be ready
                                         ^~
functions.cpp(8): warning: use of old-style cast [-Wold-style-cast]
  GPIOF->DIR |= 0x08;       // Set PF3 as output (GREEN LED)
  ^~~~~
C:/Users/Shri Hari Pandey/AppData/Local/Arm/Packs/Keil/TM4C_DFP/1.1.0/Device/Include/TM4C123/TM4C123GH6PM.h(1630): note: expanded from macro 'GPIOF'
#define GPIOF                           ((GPIOA_Type              *) GPIOF_BASE)
                                         ^                           ~~~~~~~~~~
functions.cpp(9): warning: use of old-style cast [-Wold-style-cast]
  GPIOF->DEN |= 0x08;       // Enable PF3 as a digital pin
  ^~~~~
C:/Users/Shri Hari Pandey/AppData/Local/Arm/Packs/Keil/TM4C_DFP/1.1.0/Device/Include/TM4C123/TM4C123GH6PM.h(1630): note: expanded from macro 'GPIOF'
#define GPIOF                           ((GPIOA_Type              *) GPIOF_BASE)
                                         ^                           ~~~~~~~~~~
functions.cpp(18): warning: use of old-style cast [-Wold-style-cast]
    GPIOF->DATA = 0x00;         // Turn OFF the GREEN LED
    ^~~~~
C:/Users/Shri Hari Pandey/AppData/Local/Arm/Packs/Keil/TM4C_DFP/1.1.0/Device/Include/TM4C123/TM4C123GH6PM.h(1630): note: expanded from macro 'GPIOF'
#define GPIOF                           ((GPIOA_Type              *) GPIOF_BASE)
                                         ^                           ~~~~~~~~~~
functions.cpp(22): warning: use of old-style cast [-Wold-style-cast]
    GPIOF->DATA |= 0x08;        // Turn ON the GREEN LED
    ^~~~~
C:/Users/Shri Hari Pandey/AppData/Local/Arm/Packs/Keil/TM4C_DFP/1.1.0/Device/Include/TM4C123/TM4C123GH6PM.h(1630): note: expanded from macro 'GPIOF'
#define GPIOF                           ((GPIOA_Type              *) GPIOF_BASE)
                                         ^                           ~~~~~~~~~~
7 warnings generated.
compiling functions.cpp...
linking...
Program Size: Code=808 RO-data=636 RW-data=0 ZI-data=608  
".\Objects\commonFunctions.axf" - 0 Error(s), 7 Warning(s).

<h2>Software Packages used:</h2>

Package Vendor: ARM
                https://www.keil.com/pack/ARM.CMSIS.6.1.0.pack
                ARM.CMSIS.6.1.0
                CMSIS (Common Microcontroller Software Interface Standard)
   * Component: CORE Version: 6.1.0

Package Vendor: Keil
                http://www.keil.com/pack/Keil.TM4C_DFP.1.1.0.pack
                Keil.TM4C_DFP.1.1.0
                Texas Instruments Tiva C Series Device Support and Examples
   * Component: Startup Version: 1.0.1

<h2>Collection of Component include folders:</h2>
  .\RTE\_Target_1
  C:\Users\Shri Hari Pandey\AppData\Local\Arm\Packs\ARM\CMSIS\6.1.0\CMSIS\Core\Include
  C:\Users\Shri Hari Pandey\AppData\Local\Arm\Packs\Keil\TM4C_DFP\1.1.0\Device\Include\TM4C123

<h2>Collection of Component Files used:</h2>

   * Component: ARM::CMSIS:CORE:6.1.0

   * Component: Keil::Device:Startup:1.0.1
      Source file:   Device\Source\system_TM4C123.c
      Source file:   Device\Source\ARM\startup_TM4C123.s
      Include file:  Device\Include\TM4C123\TM4C123.h
Build Time Elapsed:  00:00:00
</pre>
</body>
</html>
