<html>
<body>
<pre>
<h1>µVision Build Log</h1>
<h2>Tool Versions:</h2>
IDE-Version: µVision V5.31.0.0
Copyright (C) 2020 ARM Ltd and ARM Germany GmbH. All rights reserved.
License Information: Shri Hari Pandey, IIT - Roorkee, LIC=----
 
Tool Versions:
Toolchain:       MDK-Lite  Version: 5.31.0.0
Toolchain Path:  C:\Keil_v5\ARM\ARMCLANG\Bin
C Compiler:      ArmClang.exe V6.14
Assembler:       Armasm.exe V6.14
Linker/Locator:  ArmLink.exe V6.14
Library Manager: ArmAr.exe V6.14
Hex Converter:   FromElf.exe V6.14
CPU DLL:         SARMCM3.DLL V5.31.0.0
Dialog DLL:      DCM.DLL V1.17.3.0
Target DLL:      lmidk-agdi.dll V???
Dialog DLL:      TCM.DLL V1.46.0.0
 
<h2>Project:</h2>
C:\Users\Shri Hari Pandey\Desktop\ECN-343\Course Project\course_project.uvprojx
Project File Date:  10/26/2024

<h2>Output:</h2>
*** Using Compiler 'V6.14', folder: 'C:\Keil_v5\ARM\ARMCLANG\Bin'
Build target 'Target 1'
motor.cpp(1): warning: In file included from...
./motor.h(10): warning: C++98 requires newline at end of file [-Wc++98-compat-pedantic]
#endif
      ^
motor.cpp(5): warning: In file included from...
./servomotor.h(6): warning: C++98 requires newline at end of file [-Wc++98-compat-pedantic]
#endif
      ^
motor.cpp(17): warning: unused variable 'bluetoothState' [-Wunused-variable]
        bool bluetoothState = true;
             ^
motor.cpp(18): warning: unused variable 'firstTime' [-Wunused-variable]
        bool firstTime = false;
             ^
motor.cpp(9): warning: function 'pwmSignal' could be declared with attribute 'noreturn' [-Wmissing-noreturn]
void motorService::pwmSignal (){
                               ^
motor.cpp(78): warning: use of old-style cast [-Wold-style-cast]
                SYSCTL->RCGC2 |= 0x20;       // Enable clock to GPIOF
                ^~~~~~
C:/Users/Shri Hari Pandey/AppData/Local/Arm/Packs/Keil/TM4C_DFP/1.1.0/Device/Include/TM4C123/TM4C123GH6PM.h(1663): note: expanded from macro 'SYSCTL'
#define SYSCTL                          ((SYSCTL_Type             *) SYSCTL_BASE)
                                         ^                           ~~~~~~~~~~~
motor.cpp(79): warning: use of old-style cast [-Wold-style-cast]
    GPIOF->DIR |= 0x02;             // Set PF1 as output
    ^~~~~
C:/Users/Shri Hari Pandey/AppData/Local/Arm/Packs/Keil/TM4C_DFP/1.1.0/Device/Include/TM4C123/TM4C123GH6PM.h(1630): note: expanded from macro 'GPIOF'
#define GPIOF                           ((GPIOA_Type              *) GPIOF_BASE)
                                         ^                           ~~~~~~~~~~
motor.cpp(80): warning: use of old-style cast [-Wold-style-cast]
    GPIOF->DEN |= 0x02;             // Enable digital function for PF1
    ^~~~~
C:/Users/Shri Hari Pandey/AppData/Local/Arm/Packs/Keil/TM4C_DFP/1.1.0/Device/Include/TM4C123/TM4C123GH6PM.h(1630): note: expanded from macro 'GPIOF'
#define GPIOF                           ((GPIOA_Type              *) GPIOF_BASE)
                                         ^                           ~~~~~~~~~~
8 warnings generated.
compiling motor.cpp...
servomotor.cpp(1): warning: In file included from...
./servomotor.h(6): warning: C++98 requires newline at end of file [-Wc++98-compat-pedantic]
#endif
      ^
servomotor.cpp(8): warning: unused parameter 'duty' [-Wunused-parameter]
void turnLeft(int duty) {
                  ^
servomotor.cpp(19): warning: unused variable 'gp' [-Wunused-variable]
                gpioService gp = gpioService();
                            ^
servomotor.cpp(18): warning: unused parameter 'duty' [-Wunused-parameter]
void turnRight(int duty) {
                   ^
4 warnings generated.
compiling servomotor.cpp...
linking...
Program Size: Code=10002 RO-data=678 RW-data=8 ZI-data=11768  
".\Objects\course_project.axf" - 0 Error(s), 12 Warning(s).

<h2>Software Packages used:</h2>

Package Vendor: ARM
                https://www.keil.com/pack/ARM.CMSIS.6.1.0.pack
                ARM.CMSIS.6.1.0
                CMSIS (Common Microcontroller Software Interface Standard)
   * Component: OS Tick Version: 1.0.1
   * Component: RTOS2 Version: 2.3.0
   * Component: CORE Version: 6.1.0
   * Component: SysTick Version: 1.0.5

Package Vendor: ARM
                https://www.keil.com/pack/ARM.CMSIS-FreeRTOS.11.1.0.pack
                ARM.CMSIS-FreeRTOS.11.1.0
                Bundle of FreeRTOS for Cortex-M and Cortex-A
   * Component: Config Variant: CMSIS RTOS2 Version: 11.1.0
   * Component: Core Variant: Cortex-M Version: 11.1.0
   * Component: Event Groups Version: 11.1.0
   * Component: Heap Variant: Heap_4 Version: 11.1.0
   * Component: Timers Version: 11.1.0
   * Component: FreeRTOS Variant: Cortex-M Version: 11.1.0

Package Vendor: Keil
                http://www.keil.com/pack/Keil.TM4C_DFP.1.1.0.pack
                Keil.TM4C_DFP.1.1.0
                Texas Instruments Tiva C Series Device Support and Examples
   * Component: Startup Version: 1.0.1

<h2>Collection of Component include folders:</h2>
  .\RTE\RTOS
  .\RTE\_Target_1
  C:\Users\Shri Hari Pandey\AppData\Local\Arm\Packs\ARM\CMSIS-FreeRTOS\11.1.0\CMSIS\RTOS2\FreeRTOS\Include
  C:\Users\Shri Hari Pandey\AppData\Local\Arm\Packs\ARM\CMSIS-FreeRTOS\11.1.0\Source\include
  C:\Users\Shri Hari Pandey\AppData\Local\Arm\Packs\ARM\CMSIS-FreeRTOS\11.1.0\Source\portable\GCC\ARM_CM4F
  C:\Users\Shri Hari Pandey\AppData\Local\Arm\Packs\ARM\CMSIS\6.1.0\CMSIS\Core\Include
  C:\Users\Shri Hari Pandey\AppData\Local\Arm\Packs\ARM\CMSIS\6.1.0\CMSIS\RTOS2\Include
  C:\Users\Shri Hari Pandey\AppData\Local\Arm\Packs\Keil\TM4C_DFP\1.1.0\Device\Include\TM4C123

<h2>Collection of Component Files used:</h2>

   * Component: ::CMSIS:OS Tick:1.0.1 (API)
      Include file:  CMSIS\RTOS2\Include\os_tick.h

   * Component: ::CMSIS:RTOS2:2.3.0 (API)
      Include file:  CMSIS\RTOS2\Include\cmsis_os2.h

   * Component: ARM.FreeRTOS::RTOS:Config:CMSIS RTOS2:11.1.0
      Include file:  CMSIS\RTOS2\FreeRTOS\Config\FreeRTOSConfig.h

   * Component: ARM.FreeRTOS::RTOS:Core:Cortex-M:11.1.0
      Include file:  Source\include\queue.h
      Source file:   Source\tasks.c
      Include file:  Source\include\FreeRTOS.h
      Include file:  Source\include\task.h
      Source file:   Source\queue.c
      Include file:  Source\include\semphr.h
      Source file:   Source\list.c
      Source file:   Source\portable\GCC\ARM_CM4F\port.c
      Source file:   CMSIS\RTOS2\FreeRTOS\Source\freertos_evr.c

   * Component: ARM.FreeRTOS::RTOS:Event Groups:11.1.0
      Include file:  Source\include\event_groups.h
      Source file:   Source\event_groups.c

   * Component: ARM.FreeRTOS::RTOS:Heap:Heap_4:11.1.0
      Source file:   Source\portable\MemMang\heap_4.c

   * Component: ARM.FreeRTOS::RTOS:Timers:11.1.0
      Include file:  Source\include\timers.h
      Source file:   Source\timers.c

   * Component: ARM::CMSIS:CORE:6.1.0

   * Component: ARM::CMSIS:OS Tick:SysTick:1.0.5
      Source file:   CMSIS\RTOS2\Source\os_systick.c

   * Component: ARM::CMSIS:RTOS2:FreeRTOS:Cortex-M:11.1.0
      Source file:   CMSIS\RTOS2\FreeRTOS\Source\cmsis_os2.c
      Include file:  CMSIS\RTOS2\FreeRTOS\Include\freertos_mpool.h
      Source file:   CMSIS\RTOS2\FreeRTOS\Source\clib_os.c

   * Component: Keil::Device:Startup:1.0.1
      Include file:  Device\Include\TM4C123\TM4C123.h
      Source file:   Device\Source\system_TM4C123.c
      Source file:   Device\Source\ARM\startup_TM4C123.s
Build Time Elapsed:  00:00:01
</pre>
</body>
</html>
