<html>
<body>
<pre>
<h1>µVision Build Log</h1>
<h2>Tool Versions:</h2>
IDE-Version: µVision V5.31.0.0
Copyright (C) 2020 ARM Ltd and ARM Germany GmbH. All rights reserved.
License Information: Shri Hari Pandey, IIT - Roorkee, LIC=----
 
Tool Versions:
Toolchain:       MDK-Lite  Version: 5.31.0.0
Toolchain Path:  C:\Keil_v5\ARM\ARMCLANG\Bin
C Compiler:      ArmClang.exe V6.14
Assembler:       Armasm.exe V6.14
Linker/Locator:  ArmLink.exe V6.14
Library Manager: ArmAr.exe V6.14
Hex Converter:   FromElf.exe V6.14
CPU DLL:         SARMCM3.DLL V5.31.0.0
Dialog DLL:      DCM.DLL V1.17.3.0
Target DLL:      lmidk-agdi.dll V???
Dialog DLL:      TCM.DLL V1.46.0.0
 
<h2>Project:</h2>
C:\Users\Shri Hari Pandey\Desktop\ECN-343\Course Project\servo_check.uvprojx
Project File Date:  10/24/2024

<h2>Output:</h2>
*** Using Compiler 'V6.14', folder: 'C:\Keil_v5\ARM\ARMCLANG\Bin'
Build target 'Target 1'
pwm.cpp(2): warning: non-portable path to file '"TM4C123GH6PM.h"'; specified path differs in case from file name on disk [-Wnonportable-include-path]
#include "tm4c123gh6pm.h"
         ^~~~~~~~~~~~~~~~
         "TM4C123GH6PM.h"
pwm.cpp(4): warning: no previous prototype for function 'delay1Ms' [-Wmissing-prototypes]
void delay1Ms(int delay) {
     ^
pwm.cpp(4): note: declare 'static' if the function is not intended to be used outside of this translation unit
void delay1Ms(int delay) {
^
static 
pwm.cpp(10): warning: implicit conversion turns floating-point number into integer: 'double' to 'int' [-Wfloat-conversion]
        int controlPeriod = 1e7*time;
            ~~~~~~~~~~~~~   ~~~^~~~~
pwm.cpp(13): warning: use of old-style cast [-Wold-style-cast]
        GPIOF->DATA |= 0x02;  // Set PF1 high (turn ON PF1)
        ^~~~~
C:/Users/Shri Hari Pandey/AppData/Local/Arm/Packs/Keil/TM4C_DFP/1.1.0/Device/Include/TM4C123\tm4c123gh6pm.h(1630): note: expanded from macro 'GPIOF'
#define GPIOF                           ((GPIOA_Type              *) GPIOF_BASE)
                                         ^                           ~~~~~~~~~~
pwm.cpp(16): warning: use of old-style cast [-Wold-style-cast]
        GPIOF->DATA &= ~0x02; // Set PF1 low (turn OFF PF1)
        ^~~~~
C:/Users/Shri Hari Pandey/AppData/Local/Arm/Packs/Keil/TM4C_DFP/1.1.0/Device/Include/TM4C123\tm4c123gh6pm.h(1630): note: expanded from macro 'GPIOF'
#define GPIOF                           ((GPIOA_Type              *) GPIOF_BASE)
                                         ^                           ~~~~~~~~~~
pwm.cpp(16): warning: implicit conversion changes signedness: 'int' to 'unsigned int' [-Wsign-conversion]
        GPIOF->DATA &= ~0x02; // Set PF1 low (turn OFF PF1)
                    ~~ ^~~~~
pwm.cpp(9): warning: no previous prototype for function 'pwmGenerator' [-Wmissing-prototypes]
void pwmGenerator(int period, int duty , int time) {
     ^
pwm.cpp(9): note: declare 'static' if the function is not intended to be used outside of this translation unit
void pwmGenerator(int period, int duty , int time) {
^
static 
pwm.cpp(23): warning: use of old-style cast [-Wold-style-cast]
    SYSCTL->RCGC2 |= 0x01;   // Enable clock to PORTA
    ^~~~~~
C:/Users/Shri Hari Pandey/AppData/Local/Arm/Packs/Keil/TM4C_DFP/1.1.0/Device/Include/TM4C123\tm4c123gh6pm.h(1663): note: expanded from macro 'SYSCTL'
#define SYSCTL                          ((SYSCTL_Type             *) SYSCTL_BASE)
                                         ^                           ~~~~~~~~~~~
pwm.cpp(24): warning: use of old-style cast [-Wold-style-cast]
    GPIOA->DIR |= (1<<3)|(1<<2); // Set PA2 and PA3 as output pins
    ^~~~~
C:/Users/Shri Hari Pandey/AppData/Local/Arm/Packs/Keil/TM4C_DFP/1.1.0/Device/Include/TM4C123\tm4c123gh6pm.h(1609): note: expanded from macro 'GPIOA'
#define GPIOA                           ((GPIOA_Type              *) GPIOA_BASE)
                                         ^                           ~~~~~~~~~~
pwm.cpp(25): warning: use of old-style cast [-Wold-style-cast]
    GPIOA->DEN |= (1<<3)|(1<<2); // Enable digital functionality for PA2 and PA3
    ^~~~~
C:/Users/Shri Hari Pandey/AppData/Local/Arm/Packs/Keil/TM4C_DFP/1.1.0/Device/Include/TM4C123\tm4c123gh6pm.h(1609): note: expanded from macro 'GPIOA'
#define GPIOA                           ((GPIOA_Type              *) GPIOA_BASE)
                                         ^                           ~~~~~~~~~~
pwm.cpp(26): warning: use of old-style cast [-Wold-style-cast]
    GPIOA->DATA |=(1<<2);        // Set PA2 HIGH
    ^~~~~
C:/Users/Shri Hari Pandey/AppData/Local/Arm/Packs/Keil/TM4C_DFP/1.1.0/Device/Include/TM4C123\tm4c123gh6pm.h(1609): note: expanded from macro 'GPIOA'
#define GPIOA                           ((GPIOA_Type              *) GPIOA_BASE)
                                         ^                           ~~~~~~~~~~
pwm.cpp(27): warning: use of old-style cast [-Wold-style-cast]
    GPIOA->DATA &=~(1<<3);       //<A0>Set<A0>PA3<A0>LOW
    ^~~~~
C:/Users/Shri Hari Pandey/AppData/Local/Arm/Packs/Keil/TM4C_DFP/1.1.0/Device/Include/TM4C123\tm4c123gh6pm.h(1609): note: expanded from macro 'GPIOA'
#define GPIOA                           ((GPIOA_Type              *) GPIOA_BASE)
                                         ^                           ~~~~~~~~~~
pwm.cpp(27): warning: implicit conversion changes signedness: 'int' to 'unsigned int' [-Wsign-conversion]
    GPIOA->DATA &=~(1<<3);       //<A0>Set<A0>PA3<A0>LOW
                ~~^~~~~~~
pwm.cpp(21): warning: no previous prototype for function 'moveForward' [-Wmissing-prototypes]
void moveForward(void)
     ^
pwm.cpp(21): note: declare 'static' if the function is not intended to be used outside of this translation unit
void moveForward(void)
^
static 
pwm.cpp(32): warning: use of old-style cast [-Wold-style-cast]
    SYSCTL->RCGC2 |= 0x01;   // Enable clock to PORTA
    ^~~~~~
C:/Users/Shri Hari Pandey/AppData/Local/Arm/Packs/Keil/TM4C_DFP/1.1.0/Device/Include/TM4C123\tm4c123gh6pm.h(1663): note: expanded from macro 'SYSCTL'
#define SYSCTL                          ((SYSCTL_Type             *) SYSCTL_BASE)
                                         ^                           ~~~~~~~~~~~
pwm.cpp(33): warning: use of old-style cast [-Wold-style-cast]
    GPIOA->DIR |= (1<<3)|(1<<2); // Set PA2 and PA3 as output pins
    ^~~~~
C:/Users/Shri Hari Pandey/AppData/Local/Arm/Packs/Keil/TM4C_DFP/1.1.0/Device/Include/TM4C123\tm4c123gh6pm.h(1609): note: expanded from macro 'GPIOA'
#define GPIOA                           ((GPIOA_Type              *) GPIOA_BASE)
                                         ^                           ~~~~~~~~~~
pwm.cpp(34): warning: use of old-style cast [-Wold-style-cast]
    GPIOA->DEN |= (1<<3)|(1<<2); // Enable digital functionality for PA2 and PA3
    ^~~~~
C:/Users/Shri Hari Pandey/AppData/Local/Arm/Packs/Keil/TM4C_DFP/1.1.0/Device/Include/TM4C123\tm4c123gh6pm.h(1609): note: expanded from macro 'GPIOA'
#define GPIOA                           ((GPIOA_Type              *) GPIOA_BASE)
                                         ^                           ~~~~~~~~~~
pwm.cpp(35): warning: use of old-style cast [-Wold-style-cast]
    GPIOA->DATA &=~(1<<2);        // Set PA2 HIGH
    ^~~~~
C:/Users/Shri Hari Pandey/AppData/Local/Arm/Packs/Keil/TM4C_DFP/1.1.0/Device/Include/TM4C123\tm4c123gh6pm.h(1609): note: expanded from macro 'GPIOA'
#define GPIOA                           ((GPIOA_Type              *) GPIOA_BASE)
                                         ^                           ~~~~~~~~~~
pwm.cpp(35): warning: implicit conversion changes signedness: 'int' to 'unsigned int' [-Wsign-conversion]
    GPIOA->DATA &=~(1<<2);        // Set PA2 HIGH
                ~~^~~~~~~
pwm.cpp(36): warning: use of old-style cast [-Wold-style-cast]
    GPIOA->DATA |=(1<<3);       //<A0>Set<A0>PA3<A0>LOW
    ^~~~~
C:/Users/Shri Hari Pandey/AppData/Local/Arm/Packs/Keil/TM4C_DFP/1.1.0/Device/Include/TM4C123\tm4c123gh6pm.h(1609): note: expanded from macro 'GPIOA'
#define GPIOA                           ((GPIOA_Type              *) GPIOA_BASE)
                                         ^                           ~~~~~~~~~~
pwm.cpp(30): warning: no previous prototype for function 'moveBackwards' [-Wmissing-prototypes]
void moveBackwards(void)
     ^
pwm.cpp(30): note: declare 'static' if the function is not intended to be used outside of this translation unit
void moveBackwards(void)
^
static 
pwm.cpp(42): warning: use of old-style cast [-Wold-style-cast]
    SYSCTL->RCGC2 |= 0x20;       // Enable clock to GPIOF
    ^~~~~~
C:/Users/Shri Hari Pandey/AppData/Local/Arm/Packs/Keil/TM4C_DFP/1.1.0/Device/Include/TM4C123\tm4c123gh6pm.h(1663): note: expanded from macro 'SYSCTL'
#define SYSCTL                          ((SYSCTL_Type             *) SYSCTL_BASE)
                                         ^                           ~~~~~~~~~~~
pwm.cpp(43): warning: use of old-style cast [-Wold-style-cast]
    GPIOF->DIR |= 0x02;             // Set PF1 as output
    ^~~~~
C:/Users/Shri Hari Pandey/AppData/Local/Arm/Packs/Keil/TM4C_DFP/1.1.0/Device/Include/TM4C123\tm4c123gh6pm.h(1630): note: expanded from macro 'GPIOF'
#define GPIOF                           ((GPIOA_Type              *) GPIOF_BASE)
                                         ^                           ~~~~~~~~~~
pwm.cpp(44): warning: use of old-style cast [-Wold-style-cast]
    GPIOF->DEN |= 0x02;             // Enable digital function for PF1
    ^~~~~
C:/Users/Shri Hari Pandey/AppData/Local/Arm/Packs/Keil/TM4C_DFP/1.1.0/Device/Include/TM4C123\tm4c123gh6pm.h(1630): note: expanded from macro 'GPIOF'
#define GPIOF                           ((GPIOA_Type              *) GPIOF_BASE)
                                         ^                           ~~~~~~~~~~
24 warnings generated.
compiling pwm.cpp...
linking...
Program Size: Code=1580 RO-data=636 RW-data=0 ZI-data=608  
".\Objects\servo_check.axf" - 0 Error(s), 24 Warning(s).

<h2>Software Packages used:</h2>

Package Vendor: ARM
                https://www.keil.com/pack/ARM.CMSIS.6.1.0.pack
                ARM.CMSIS.6.1.0
                CMSIS (Common Microcontroller Software Interface Standard)
   * Component: CORE Version: 6.1.0

Package Vendor: Keil
                http://www.keil.com/pack/Keil.TM4C_DFP.1.1.0.pack
                Keil.TM4C_DFP.1.1.0
                Texas Instruments Tiva C Series Device Support and Examples
   * Component: Startup Version: 1.0.1

<h2>Collection of Component include folders:</h2>
  .\RTE\_Target_1
  C:\Users\Shri Hari Pandey\AppData\Local\Arm\Packs\ARM\CMSIS\6.1.0\CMSIS\Core\Include
  C:\Users\Shri Hari Pandey\AppData\Local\Arm\Packs\Keil\TM4C_DFP\1.1.0\Device\Include\TM4C123

<h2>Collection of Component Files used:</h2>

   * Component: ARM::CMSIS:CORE:6.1.0

   * Component: Keil::Device:Startup:1.0.1
      Include file:  Device\Include\TM4C123\TM4C123.h
      Source file:   Device\Source\ARM\startup_TM4C123.s
      Source file:   Device\Source\system_TM4C123.c
Build Time Elapsed:  00:00:01
</pre>
</body>
</html>
