Component: ARM Compiler 6.14 Tool: armlink [5db06800]

==============================================================================

Section Cross References

    main.o(.text._Z12initSequencev) refers to gpio.o(.text._ZN11gpioService9gpioFInitEv) for gpioService::gpioFInit()
    main.o(.text._Z12initSequencev) refers to bluetooth.o(.text._ZN16bluetoothService11initServiceEv) for bluetoothService::initService()
    main.o(.text._Z12initSequencev) refers to bluetooth.o(.text._ZN16bluetoothService10sendStringEPc) for bluetoothService::sendString(char*)
    main.o(.ARM.exidx.text._Z12initSequencev) refers to main.o(.text._Z12initSequencev) for [Anonymous Symbol]
    main.o(.text._Z12motorControlPv) refers to motor.o(.text._ZN12motorService11initServiceEv) for motorService::initService()
    main.o(.text._Z12motorControlPv) refers to motor.o(.text._ZN12motorService9pwmSignalEv) for motorService::pwmSignal()
    main.o(.ARM.exidx.text._Z12motorControlPv) refers to main.o(.text._Z12motorControlPv) for [Anonymous Symbol]
    main.o(.text._Z10initThreadPv) refers to main.o(.text._Z12initSequencev) for initSequence()
    main.o(.ARM.exidx.text._Z10initThreadPv) refers to main.o(.text._Z10initThreadPv) for [Anonymous Symbol]
    main.o(.text.main) refers to cmsis_os2.o(.text.osKernelInitialize) for osKernelInitialize
    main.o(.text.main) refers to rt_memclr_w.o(.text) for __aeabi_memclr4
    main.o(.text.main) refers to main.o(.rodata.str1.1) for .L.str.2
    main.o(.text.main) refers to main.o(.text._Z12motorControlPv) for motorControl(void*)
    main.o(.text.main) refers to cmsis_os2.o(.text.osThreadNew) for osThreadNew
    main.o(.text.main) refers to cmsis_os2.o(.text.osKernelStart) for osKernelStart
    main.o(.ARM.exidx.text.main) refers to main.o(.text.main) for [Anonymous Symbol]
    bluetooth.o(.ARM.exidx.text._ZN16bluetoothService9uart1InitEv) refers to bluetooth.o(.text._ZN16bluetoothService9uart1InitEv) for [Anonymous Symbol]
    bluetooth.o(.ARM.exidx.text._ZN16bluetoothService8sendCharEc) refers to bluetooth.o(.text._ZN16bluetoothService8sendCharEc) for [Anonymous Symbol]
    bluetooth.o(.text._ZN16bluetoothService10sendStringEPc) refers to bluetooth.o(.text._ZN16bluetoothService8sendCharEc) for bluetoothService::sendChar(char)
    bluetooth.o(.ARM.exidx.text._ZN16bluetoothService10sendStringEPc) refers to bluetooth.o(.text._ZN16bluetoothService10sendStringEPc) for [Anonymous Symbol]
    bluetooth.o(.ARM.exidx.text._ZN16bluetoothService8readCharEv) refers to bluetooth.o(.text._ZN16bluetoothService8readCharEv) for [Anonymous Symbol]
    bluetooth.o(.text._ZN16bluetoothService10readStringEc) refers to calloc.o(.text) for calloc
    bluetooth.o(.text._ZN16bluetoothService10readStringEc) refers to bluetooth.o(.text._ZN16bluetoothService8readCharEv) for bluetoothService::readChar()
    bluetooth.o(.text._ZN16bluetoothService10readStringEc) refers to h1_realloc_threads.o(.text) for realloc
    bluetooth.o(.ARM.exidx.text._ZN16bluetoothService10readStringEc) refers to bluetooth.o(.text._ZN16bluetoothService10readStringEc) for [Anonymous Symbol]
    bluetooth.o(.text._ZN16bluetoothService11initServiceEv) refers to bluetooth.o(.text._ZN16bluetoothService9uart1InitEv) for bluetoothService::uart1Init()
    bluetooth.o(.text._ZN16bluetoothService11initServiceEv) refers to gpio.o(.text._ZN11gpioService9gpioFInitEv) for gpioService::gpioFInit()
    bluetooth.o(.ARM.exidx.text._ZN16bluetoothService11initServiceEv) refers to bluetooth.o(.text._ZN16bluetoothService11initServiceEv) for [Anonymous Symbol]
    gpio.o(.ARM.exidx.text._ZN11gpioService9gpioFInitEv) refers to gpio.o(.text._ZN11gpioService9gpioFInitEv) for [Anonymous Symbol]
    gpio.o(.ARM.exidx.text._ZN11gpioService9gpioDInitEv) refers to gpio.o(.text._ZN11gpioService9gpioDInitEv) for [Anonymous Symbol]
    utils.o(.ARM.exidx.text._Z10systick1Usv) refers to utils.o(.text._Z10systick1Usv) for [Anonymous Symbol]
    utils.o(.text._Z10systick1Msv) refers to utils.o(.text._Z10systick1Usv) for systick1Us()
    utils.o(.ARM.exidx.text._Z10systick1Msv) refers to utils.o(.text._Z10systick1Msv) for [Anonymous Symbol]
    utils.o(.text._Z19systickDelaySecondsi) refers to utils.o(.text._Z10systick1Msv) for systick1Ms()
    utils.o(.ARM.exidx.text._Z19systickDelaySecondsi) refers to utils.o(.text._Z19systickDelaySecondsi) for [Anonymous Symbol]
    utils.o(.text._Z8blinkRedi) refers to utils.o(.text._Z19systickDelaySecondsi) for systickDelaySeconds(int)
    utils.o(.ARM.exidx.text._Z8blinkRedi) refers to utils.o(.text._Z8blinkRedi) for [Anonymous Symbol]
    utils.o(.ARM.exidx.text._Z11moveForwardv) refers to utils.o(.text._Z11moveForwardv) for [Anonymous Symbol]
    utils.o(.ARM.exidx.text._Z13moveBackwardsv) refers to utils.o(.text._Z13moveBackwardsv) for [Anonymous Symbol]
    utils.o(.text._Z12pwmGeneratori) refers to utils.o(.text._Z10systick1Msv) for systick1Ms()
[...]
    .text                                    0x000005c8   Section       74  sys_stackheap_outer.o(.text)
    .text                                    0x00000612   Section        0  exit.o(.text)
    .text                                    0x00000624   Section        0  sys_exit.o(.text)
    .text                                    0x00000630   Section        2  use_no_semi.o(.text)
    .text                                    0x00000632   Section        0  indicate_semi.o(.text)
    [Anonymous Symbol]                       0x00000634   Section        0  clib_os.o(.text.$Sub$$_fp_init)
    IRQ_Context                              0x0000064d   Thumb Code    46  cmsis_os2.o(.text.IRQ_Context)
    [Anonymous Symbol]                       0x0000064c   Section        0  cmsis_os2.o(.text.IRQ_Context)
    [Anonymous Symbol]                       0x00000680   Section        0  port.o(.text.PendSV_Handler)
    pxCurrentTCBConst                        0x000006e0   Number         0  port.o(.text.PendSV_Handler)
    [Anonymous Symbol]                       0x000006f0   Section        0  port.o(.text.SVC_Handler)
    pxCurrentTCBConst2                       0x00000710   Number         0  port.o(.text.SVC_Handler)
    [Anonymous Symbol]                       0x00000714   Section        0  cmsis_os2.o(.text.SysTick_Handler)
    [Anonymous Symbol]                       0x00000730   Section        0  system_tm4c123.o(.text.SystemInit)
    [Anonymous Symbol]                       0x000007a0   Section        0  utils.o(.text._Z10systick1Msv)
    [Anonymous Symbol]                       0x000007b4   Section        0  utils.o(.text._Z10systick1Usv)
    [Anonymous Symbol]                       0x00000804   Section        0  main.o(.text._Z12motorControlPv)
    [Anonymous Symbol]                       0x0000081c   Section        0  utils.o(.text._Z12pwmGeneratori)
    [Anonymous Symbol]                       0x00000860   Section        0  servomotor.o(.text._Z14servoGeneratori)
    [Anonymous Symbol]                       0x000008b0   Section        0  servomotor.o(.text._Z8turnLeftv)
    [Anonymous Symbol]                       0x000008d0   Section        0  servomotor.o(.text._Z9turnRightv)
    [Anonymous Symbol]                       0x000008f0   Section        0  gpio.o(.text._ZN11gpioService9gpioDInitEv)
    [Anonymous Symbol]                       0x00000920   Section        0  gpio.o(.text._ZN11gpioService9gpioFInitEv)
    [Anonymous Symbol]                       0x00000970   Section        0  motor.o(.text._ZN12motorService11initServiceEv)
    [Anonymous Symbol]                       0x000009a0   Section        0  motor.o(.text._ZN12motorService11moveForwardEv)
    [Anonymous Symbol]                       0x000009e0   Section        0  motor.o(.text._ZN12motorService13moveBackwardsEv)
    [Anonymous Symbol]                       0x00000a20   Section        0  motor.o(.text._ZN12motorService9pwmSignalEv)
    [Anonymous Symbol]                       0x00000a98   Section        0  bluetooth.o(.text._ZN16bluetoothService11initServiceEv)
    [Anonymous Symbol]                       0x00000aac   Section        0  bluetooth.o(.text._ZN16bluetoothService8readCharEv)
    [Anonymous Symbol]                       0x00000b10   Section        0  bluetooth.o(.text._ZN16bluetoothService9uart1InitEv)
    __tagsym$$used.1                         0x00000b78   Number         0  clib_os.o(.text._mutex_acquire)
    [Anonymous Symbol]                       0x00000b78   Section        0  clib_os.o(.text._mutex_acquire)
    __tagsym$$used.3                         0x00000b98   Number         0  clib_os.o(.text._mutex_free)
    [Anonymous Symbol]                       0x00000b98   Section        0  clib_os.o(.text._mutex_free)
    __tagsym$$used.0                         0x00000bcc   Number         0  clib_os.o(.text._mutex_initialize)
    [Anonymous Symbol]                       0x00000bcc   Section        0  clib_os.o(.text._mutex_initialize)
    __tagsym$$used.2                         0x00000c24   Number         0  clib_os.o(.text._mutex_release)
    [Anonymous Symbol]                       0x00000c24   Section        0  clib_os.o(.text._mutex_release)
    [Anonymous Symbol]                       0x00000c48   Section        0  clib_os.o(.text._platform_post_stackheap_init)
    is_thread_mode                           0x00000c4d   Thumb Code    12  clib_os.o(.text.is_thread_mode)
    [Anonymous Symbol]                       0x00000c4c   Section        0  clib_os.o(.text.is_thread_mode)
    [Anonymous Symbol]                       0x00000c58   Section        0  main.o(.text.main)
    [Anonymous Symbol]                       0x00000c98   Section        0  cmsis_os2.o(.text.osKernelInitialize)
    [Anonymous Symbol]                       0x00000ccc   Section        0  cmsis_os2.o(.text.osKernelStart)
    [Anonymous Symbol]                       0x00000d04   Section        0  cmsis_os2.o(.text.osThreadNew)
    os_kernel_is_active                      0x00000dd1   Thumb Code    16  clib_os.o(.text.os_kernel_is_active)
    [Anonymous Symbol]                       0x00000dd0   Section        0  clib_os.o(.text.os_kernel_is_active)
    prvAddCurrentTaskToDelayedList           0x00000de1   Thumb Code   178  tasks.o(.text.prvAddCurrentTaskToDelayedList)
    [Anonymous Symbol]                       0x00000de0   Section        0  tasks.o(.text.prvAddCurrentTaskToDelayedList)
    prvAddNewTaskToReadyList                 0x00000e95   Thumb Code   204  tasks.o(.text.prvAddNewTaskToReadyList)
    [Anonymous Symbol]                       0x00000e94   Section        0  tasks.o(.text.prvAddNewTaskToReadyList)
    prvCheckForValidListAndQueue             0x00000f61   Thumb Code   106  timers.o(.text.prvCheckForValidListAndQueue)
    [Anonymous Symbol]                       0x00000f60   Section        0  timers.o(.text.prvCheckForValidListAndQueue)
    prvCheckTasksWaitingTermination          0x00000fcd   Thumb Code    78  tasks.o(.text.prvCheckTasksWaitingTermination)
    [Anonymous Symbol]                       0x00000fcc   Section        0  tasks.o(.text.prvCheckTasksWaitingTermination)
    prvCopyDataFromQueue                     0x0000101d   Thumb Code    38  queue.o(.text.prvCopyDataFromQueue)
    [Anonymous Symbol]                       0x0000101c   Section        0  queue.o(.text.prvCopyDataFromQueue)
    prvCopyDataToQueue                       0x00001045   Thumb Code   122  queue.o(.text.prvCopyDataToQueue)
    [Anonymous Symbol]                       0x00001044   Section        0  queue.o(.text.prvCopyDataToQueue)
    prvCreateIdleTasks                       0x000010c1   Thumb Code    86  tasks.o(.text.prvCreateIdleTasks)
    [Anonymous Symbol]                       0x000010c0   Section        0  tasks.o(.text.prvCreateIdleTasks)
    prvCreateStaticTask                      0x00001119   Thumb Code    76  tasks.o(.text.prvCreateStaticTask)
    [Anonymous Symbol]                       0x00001118   Section        0  tasks.o(.text.prvCreateStaticTask)
    prvCreateTask                            0x00001165   Thumb Code    92  tasks.o(.text.prvCreateTask)
    [Anonymous Symbol]                       0x00001164   Section        0  tasks.o(.text.prvCreateTask)
    prvDeleteTCB                             0x000011c1   Thumb Code    32  tasks.o(.text.prvDeleteTCB)
    [Anonymous Symbol]                       0x000011c0   Section        0  tasks.o(.text.prvDeleteTCB)
    prvGetDisinheritPriorityAfterTimeout     0x000011e1   Thumb Code    18  queue.o(.text.prvGetDisinheritPriorityAfterTimeout)
    [Anonymous Symbol]                       0x000011e0   Section        0  queue.o(.text.prvGetDisinheritPriorityAfterTimeout)
    prvGetNextExpireTime                     0x000011f5   Thumb Code    32  timers.o(.text.prvGetNextExpireTime)
    [Anonymous Symbol]                       0x000011f4   Section        0  timers.o(.text.prvGetNextExpireTime)
    prvHeapInit                              0x00001215   Thumb Code   106  heap_4.o(.text.prvHeapInit)
    [Anonymous Symbol]                       0x00001214   Section        0  heap_4.o(.text.prvHeapInit)
    prvIdleTask                              0x00001281   Thumb Code    42  tasks.o(.text.prvIdleTask)
    [Anonymous Symbol]                       0x00001280   Section        0  tasks.o(.text.prvIdleTask)
    prvInitialiseMutex                       0x000012ad   Thumb Code    32  queue.o(.text.prvInitialiseMutex)
    [Anonymous Symbol]                       0x000012ac   Section        0  queue.o(.text.prvInitialiseMutex)
    prvInitialiseNewQueue                    0x000012cd   Thumb Code    32  queue.o(.text.prvInitialiseNewQueue)
    [Anonymous Symbol]                       0x000012cc   Section        0  queue.o(.text.prvInitialiseNewQueue)
    prvInitialiseNewTask                     0x000012ed   Thumb Code   134  tasks.o(.text.prvInitialiseNewTask)
    [Anonymous Symbol]                       0x000012ec   Section        0  tasks.o(.text.prvInitialiseNewTask)
    prvInitialiseTaskLists                   0x00001375   Thumb Code   112  tasks.o(.text.prvInitialiseTaskLists)
    [Anonymous Symbol]                       0x00001374   Section        0  tasks.o(.text.prvInitialiseTaskLists)
    prvInsertBlockIntoFreeList               0x000013e5   Thumb Code    98  heap_4.o(.text.prvInsertBlockIntoFreeList)
    [Anonymous Symbol]                       0x000013e4   Section        0  heap_4.o(.text.prvInsertBlockIntoFreeList)
    prvInsertTimerInActiveList               0x00001449   Thumb Code    64  timers.o(.text.prvInsertTimerInActiveList)
    [Anonymous Symbol]                       0x00001448   Section        0  timers.o(.text.prvInsertTimerInActiveList)
    prvIsQueueEmpty                          0x00001489   Thumb Code    24  queue.o(.text.prvIsQueueEmpty)
    [Anonymous Symbol]                       0x00001488   Section        0  queue.o(.text.prvIsQueueEmpty)
    prvIsQueueFull                           0x000014a1   Thumb Code    28  queue.o(.text.prvIsQueueFull)
    [Anonymous Symbol]                       0x000014a0   Section        0  queue.o(.text.prvIsQueueFull)
    prvPortStartFirstTask                    0x000014bd   Thumb Code    40  port.o(.text.prvPortStartFirstTask)
    [Anonymous Symbol]                       0x000014bc   Section        0  port.o(.text.prvPortStartFirstTask)
    prvProcessExpiredTimer                   0x000014e5   Thumb Code    62  timers.o(.text.prvProcessExpiredTimer)
    [Anonymous Symbol]                       0x000014e4   Section        0  timers.o(.text.prvProcessExpiredTimer)
    prvProcessReceivedCommands               0x00001525   Thumb Code   262  timers.o(.text.prvProcessReceivedCommands)
    [Anonymous Symbol]                       0x00001524   Section        0  timers.o(.text.prvProcessReceivedCommands)
    prvProcessTimerOrBlockTask               0x0000162d   Thumb Code   128  timers.o(.text.prvProcessTimerOrBlockTask)
    [Anonymous Symbol]                       0x0000162c   Section        0  timers.o(.text.prvProcessTimerOrBlockTask)
    prvReloadTimer                           0x000016ad   Thumb Code    58  timers.o(.text.prvReloadTimer)
    [Anonymous Symbol]                       0x000016ac   Section        0  timers.o(.text.prvReloadTimer)
    prvResetNextTaskUnblockTime              0x000016e9   Thumb Code    38  tasks.o(.text.prvResetNextTaskUnblockTime)
    [Anonymous Symbol]                       0x000016e8   Section        0  tasks.o(.text.prvResetNextTaskUnblockTime)
    prvSampleTimeNow                         0x00001711   Thumb Code    42  timers.o(.text.prvSampleTimeNow)
    [Anonymous Symbol]                       0x00001710   Section        0  timers.o(.text.prvSampleTimeNow)
    prvSwitchTimerLists                      0x0000173d   Thumb Code    52  timers.o(.text.prvSwitchTimerLists)
    [Anonymous Symbol]                       0x0000173c   Section        0  timers.o(.text.prvSwitchTimerLists)
    prvTaskExitError                         0x00001771   Thumb Code    34  port.o(.text.prvTaskExitError)
    [Anonymous Symbol]                       0x00001770   Section        0  port.o(.text.prvTaskExitError)
    prvTimerTask                             0x00001795   Thumb Code    22  timers.o(.text.prvTimerTask)
    [Anonymous Symbol]                       0x00001794   Section        0  timers.o(.text.prvTimerTask)
    prvUnlockQueue                           0x000017ad   Thumb Code   114  queue.o(.text.prvUnlockQueue)
    [Anonymous Symbol]                       0x000017ac   Section        0  queue.o(.text.prvUnlockQueue)
    [Anonymous Symbol]                       0x00001820   Section        0  heap_4.o(.text.pvPortMalloc)
    [Anonymous Symbol]                       0x00001918   Section        0  tasks.o(.text.pvTaskIncrementMutexHeldCount)
    [Anonymous Symbol]                       0x00001930   Section        0  port.o(.text.pxPortInitialiseStack)
    [Anonymous Symbol]                       0x00001958   Section        0  list.o(.text.uxListRemove)
    [Anonymous Symbol]                       0x00001980   Section        0  tasks.o(.text.vApplicationGetIdleTaskMemory)
    [Anonymous Symbol]                       0x0000199c   Section        0  tasks.o(.text.vApplicationGetTimerTaskMemory)
    [Anonymous Symbol]                       0x000019b8   Section        0  cmsis_os2.o(.text.vApplicationStackOverflowHook)
    [Anonymous Symbol]                       0x000019bc   Section        0  list.o(.text.vListInitialise)
    [Anonymous Symbol]                       0x000019d4   Section        0  list.o(.text.vListInitialiseItem)
    [Anonymous Symbol]                       0x000019dc   Section        0  list.o(.text.vListInsert)
    vPortEnableVFP                           0x00001a19   Thumb Code    20  port.o(.text.vPortEnableVFP)
    [Anonymous Symbol]                       0x00001a18   Section        0  port.o(.text.vPortEnableVFP)
    [Anonymous Symbol]                       0x00001a2c   Section        0  port.o(.text.vPortEnterCritical)
    [Anonymous Symbol]                       0x00001a4c   Section        0  port.o(.text.vPortExitCritical)
    [Anonymous Symbol]                       0x00001a68   Section        0  heap_4.o(.text.vPortFree)
    [Anonymous Symbol]                       0x00001ac0   Section        0  port.o(.text.vPortSetupTimerInterrupt)
    [Anonymous Symbol]                       0x00001af4   Section        0  queue.o(.text.vQueueDelete)
    [Anonymous Symbol]                       0x00001b04   Section        0  queue.o(.text.vQueueWaitForMessageRestricted)
    [Anonymous Symbol]                       0x00001b48   Section        0  tasks.o(.text.vTaskInternalSetTimeOutState)
    [Anonymous Symbol]                       0x00001b64   Section        0  tasks.o(.text.vTaskMissedYield)
    [Anonymous Symbol]                       0x00001b74   Section        0  tasks.o(.text.vTaskPlaceOnEventList)
    [Anonymous Symbol]                       0x00001b94   Section        0  tasks.o(.text.vTaskPlaceOnEventListRestricted)
    [Anonymous Symbol]                       0x00001be4   Section        0  tasks.o(.text.vTaskPriorityDisinheritAfterTimeout)
    [Anonymous Symbol]                       0x00001c64   Section        0  tasks.o(.text.vTaskStartScheduler)
    [Anonymous Symbol]                       0x00001cbc   Section        0  tasks.o(.text.vTaskSuspendAll)
    __tagsym$$used.0                         0x00001ccc   Number         0  tasks.o(.text.vTaskSwitchContext)
    [Anonymous Symbol]                       0x00001ccc   Section        0  tasks.o(.text.vTaskSwitchContext)
    [Anonymous Symbol]                       0x00001d78   Section        0  port.o(.text.xPortStartScheduler)
    [Anonymous Symbol]                       0x00001dc8   Section        0  port.o(.text.xPortSysTickHandler)
    [Anonymous Symbol]                       0x00001df8   Section        0  queue.o(.text.xQueueCreateMutex)
    [Anonymous Symbol]                       0x00001e10   Section        0  queue.o(.text.xQueueCreateMutexStatic)
    [Anonymous Symbol]                       0x00001e34   Section        0  queue.o(.text.xQueueGenericCreate)
    [Anonymous Symbol]                       0x00001e80   Section        0  queue.o(.text.xQueueGenericCreateStatic)
    [Anonymous Symbol]                       0x00001ebc   Section        0  queue.o(.text.xQueueGenericReset)
    [Anonymous Symbol]                       0x00001f3c   Section        0  queue.o(.text.xQueueGenericSend)
    [Anonymous Symbol]                       0x00002074   Section        0  queue.o(.text.xQueueReceive)
    [Anonymous Symbol]                       0x0000219c   Section        0  queue.o(.text.xQueueSemaphoreTake)
    [Anonymous Symbol]                       0x00002300   Section        0  tasks.o(.text.xTaskCheckForTimeOut)
    [Anonymous Symbol]                       0x0000237c   Section        0  tasks.o(.text.xTaskCreate)
    [Anonymous Symbol]                       0x000023a0   Section        0  tasks.o(.text.xTaskCreateStatic)
    [Anonymous Symbol]                       0x000023cc   Section        0  tasks.o(.text.xTaskGetSchedulerState)
    [Anonymous Symbol]                       0x000023f4   Section        0  tasks.o(.text.xTaskGetTickCount)
    [Anonymous Symbol]                       0x00002400   Section        0  tasks.o(.text.xTaskIncrementTick)
    [Anonymous Symbol]                       0x00002594   Section        0  tasks.o(.text.xTaskPriorityDisinherit)
    [Anonymous Symbol]                       0x00002604   Section        0  tasks.o(.text.xTaskPriorityInherit)
    [Anonymous Symbol]                       0x000026ac   Section        0  tasks.o(.text.xTaskRemoveFromEventList)
    [Anonymous Symbol]                       0x0000278c   Section        0  tasks.o(.text.xTaskResumeAll)
    [Anonymous Symbol]                       0x000028e8   Section        0  timers.o(.text.xTimerCreateTimerTask)
    $v0                                      0x00002950   Number         0  fpinit.o(x$fpl$fpinit)
    x$fpl$fpinit                             0x00002950   Section       26  fpinit.o(x$fpl$fpinit)
    .L.str.2                                 0x0000296a   Data          21  main.o(.rodata.str1.1)
    [Anonymous Symbol]                       0x0000296a   Section        0  main.o(.rodata.str1.1)
    uxTopUsedPriority                        0x00002980   Data           4  tasks.o(.rodata.uxTopUsedPriority)
    [Anonymous Symbol]                       0x00002980   Section        0  tasks.o(.rodata.uxTopUsedPriority)
    uxCriticalNesting                        0x20000004   Data           4  port.o(.data.uxCriticalNesting)
    [Anonymous Symbol]                       0x20000004   Section        0  port.o(.data.uxCriticalNesting)
    .bss                                     0x20000008   Section       96  libspace.o(.bss)
    KernelState                              0x20000068   Data           4  cmsis_os2.o(.bss.KernelState)
    [Anonymous Symbol]                       0x20000068   Section        0  cmsis_os2.o(.bss.KernelState)
    clib_mutex_cb                            0x2000006c   Data         400  clib_os.o(.bss.clib_mutex_cb)
    [Anonymous Symbol]                       0x2000006c   Section        0  clib_os.o(.bss.clib_mutex_cb)
    clib_mutex_id                            0x200001fc   Data          20  clib_os.o(.bss.clib_mutex_id)
    [Anonymous Symbol]                       0x200001fc   Section        0  clib_os.o(.bss.clib_mutex_id)
    prvCheckForValidListAndQueue.ucStaticTimerQueueStorage 0x20000210   Data          80  timers.o(.bss.prvCheckForValidListAndQueue.ucStaticTimerQueueStorage)
    [Anonymous Symbol]                       0x20000210   Section        0  timers.o(.bss.prvCheckForValidListAndQueue.ucStaticTimerQueueStorage)
    prvCheckForValidListAndQueue.xStaticTimerQueue 0x20000260   Data          80  timers.o(.bss.prvCheckForValidListAndQueue.xStaticTimerQueue)
    [Anonymous Symbol]                       0x20000260   Section        0  timers.o(.bss.prvCheckForValidListAndQueue.xStaticTimerQueue)
    prvSampleTimeNow.xLastTime               0x200002b0   Data           4  timers.o(.bss.prvSampleTimeNow.xLastTime)
    [Anonymous Symbol]                       0x200002b0   Section        0  timers.o(.bss.prvSampleTimeNow.xLastTime)
    __tagsym$$used.1                         0x200002b4   Number         0  tasks.o(.bss.pxCurrentTCB)
    pxCurrentTimerList                       0x200002b8   Data           4  timers.o(.bss.pxCurrentTimerList)
    [Anonymous Symbol]                       0x200002b8   Section        0  timers.o(.bss.pxCurrentTimerList)
    pxDelayedTaskList                        0x200002bc   Data           4  tasks.o(.bss.pxDelayedTaskList)
    [Anonymous Symbol]                       0x200002bc   Section        0  tasks.o(.bss.pxDelayedTaskList)
    pxEnd                                    0x200002c0   Data           4  heap_4.o(.bss.pxEnd)
    [Anonymous Symbol]                       0x200002c0   Section        0  heap_4.o(.bss.pxEnd)
    pxOverflowDelayedTaskList                0x200002c4   Data           4  tasks.o(.bss.pxOverflowDelayedTaskList)
    [Anonymous Symbol]                       0x200002c4   Section        0  tasks.o(.bss.pxOverflowDelayedTaskList)
    pxOverflowTimerList                      0x200002c8   Data           4  timers.o(.bss.pxOverflowTimerList)
    [Anonymous Symbol]                       0x200002c8   Section        0  timers.o(.bss.pxOverflowTimerList)
    pxReadyTasksLists                        0x200002cc   Data        1120  tasks.o(.bss.pxReadyTasksLists)
    [Anonymous Symbol]                       0x200002cc   Section        0  tasks.o(.bss.pxReadyTasksLists)
    ucHeap                                   0x2000072c   Data        8192  heap_4.o(.bss.ucHeap)
    [Anonymous Symbol]                       0x2000072c   Section        0  heap_4.o(.bss.ucHeap)
    uxCurrentNumberOfTasks                   0x2000272c   Data           4  tasks.o(.bss.uxCurrentNumberOfTasks)
    [Anonymous Symbol]                       0x2000272c   Section        0  tasks.o(.bss.uxCurrentNumberOfTasks)
    uxDeletedTasksWaitingCleanUp             0x20002730   Data           4  tasks.o(.bss.uxDeletedTasksWaitingCleanUp)
    [Anonymous Symbol]                       0x20002730   Section        0  tasks.o(.bss.uxDeletedTasksWaitingCleanUp)
    uxSchedulerSuspended                     0x20002734   Data           4  tasks.o(.bss.uxSchedulerSuspended)
    [Anonymous Symbol]                       0x20002734   Section        0  tasks.o(.bss.uxSchedulerSuspended)
    uxTaskNumber                             0x20002738   Data           4  tasks.o(.bss.uxTaskNumber)
    [Anonymous Symbol]                       0x20002738   Section        0  tasks.o(.bss.uxTaskNumber)
    uxTopReadyPriority                       0x2000273c   Data           4  tasks.o(.bss.uxTopReadyPriority)
    [Anonymous Symbol]                       0x2000273c   Section        0  tasks.o(.bss.uxTopReadyPriority)
    vApplicationGetIdleTaskMemory.uxIdleTaskStack 0x20002740   Data         512  tasks.o(.bss.vApplicationGetIdleTaskMemory.uxIdleTaskStack)
    [Anonymous Symbol]                       0x20002740   Section        0  tasks.o(.bss.vApplicationGetIdleTaskMemory.uxIdleTaskStack)
    vApplicationGetIdleTaskMemory.xIdleTaskTCB 0x20002940   Data          92  tasks.o(.bss.vApplicationGetIdleTaskMemory.xIdleTaskTCB)
    [Anonymous Symbol]                       0x20002940   Section        0  tasks.o(.bss.vApplicationGetIdleTaskMemory.xIdleTaskTCB)
    vApplicationGetTimerTaskMemory.uxTimerTaskStack 0x2000299c   Data         320  tasks.o(.bss.vApplicationGetTimerTaskMemory.uxTimerTaskStack)
    [Anonymous Symbol]                       0x2000299c   Section        0  tasks.o(.bss.vApplicationGetTimerTaskMemory.uxTimerTaskStack)
    vApplicationGetTimerTaskMemory.xTimerTaskTCB 0x20002adc   Data          92  tasks.o(.bss.vApplicationGetTimerTaskMemory.xTimerTaskTCB)
    [Anonymous Symbol]                       0x20002adc   Section        0  tasks.o(.bss.vApplicationGetTimerTaskMemory.xTimerTaskTCB)
    xActiveTimerList1                        0x20002b38   Data          20  timers.o(.bss.xActiveTimerList1)
    [Anonymous Symbol]                       0x20002b38   Section        0  timers.o(.bss.xActiveTimerList1)
    xActiveTimerList2                        0x20002b4c   Data          20  timers.o(.bss.xActiveTimerList2)
    [Anonymous Symbol]                       0x20002b4c   Section        0  timers.o(.bss.xActiveTimerList2)
    xDelayedTaskList1                        0x20002b60   Data          20  tasks.o(.bss.xDelayedTaskList1)
    [Anonymous Symbol]                       0x20002b60   Section        0  tasks.o(.bss.xDelayedTaskList1)
    xDelayedTaskList2                        0x20002b74   Data          20  tasks.o(.bss.xDelayedTaskList2)
    [Anonymous Symbol]                       0x20002b74   Section        0  tasks.o(.bss.xDelayedTaskList2)
    xFreeBytesRemaining                      0x20002b88   Data           4  heap_4.o(.bss.xFreeBytesRemaining)
    [Anonymous Symbol]                       0x20002b88   Section        0  heap_4.o(.bss.xFreeBytesRemaining)
    xIdleTaskHandles.0                       0x20002b8c   Data           4  tasks.o(.bss.xIdleTaskHandles.0)
    [Anonymous Symbol]                       0x20002b8c   Section        0  tasks.o(.bss.xIdleTaskHandles.0)
    xMinimumEverFreeBytesRemaining           0x20002b90   Data           4  heap_4.o(.bss.xMinimumEverFreeBytesRemaining)
    [Anonymous Symbol]                       0x20002b90   Section        0  heap_4.o(.bss.xMinimumEverFreeBytesRemaining)
    xNextTaskUnblockTime                     0x20002b94   Data           4  tasks.o(.bss.xNextTaskUnblockTime)
    [Anonymous Symbol]                       0x20002b94   Section        0  tasks.o(.bss.xNextTaskUnblockTime)
    xNumOfOverflows                          0x20002b98   Data           4  tasks.o(.bss.xNumOfOverflows)
    [Anonymous Symbol]                       0x20002b98   Section        0  tasks.o(.bss.xNumOfOverflows)
    xNumberOfSuccessfulAllocations           0x20002b9c   Data           4  heap_4.o(.bss.xNumberOfSuccessfulAllocations)
    [Anonymous Symbol]                       0x20002b9c   Section        0  heap_4.o(.bss.xNumberOfSuccessfulAllocations)
    xNumberOfSuccessfulFrees                 0x20002ba0   Data           4  heap_4.o(.bss.xNumberOfSuccessfulFrees)
    [Anonymous Symbol]                       0x20002ba0   Section        0  heap_4.o(.bss.xNumberOfSuccessfulFrees)
    xPendedTicks                             0x20002ba4   Data           4  tasks.o(.bss.xPendedTicks)
    [Anonymous Symbol]                       0x20002ba4   Section        0  tasks.o(.bss.xPendedTicks)
    xPendingReadyList                        0x20002ba8   Data          20  tasks.o(.bss.xPendingReadyList)
    [Anonymous Symbol]                       0x20002ba8   Section        0  tasks.o(.bss.xPendingReadyList)
    xSchedulerRunning                        0x20002bbc   Data           4  tasks.o(.bss.xSchedulerRunning)
    [Anonymous Symbol]                       0x20002bbc   Section        0  tasks.o(.bss.xSchedulerRunning)
    xStart                                   0x20002bc0   Data           8  heap_4.o(.bss.xStart)
    [Anonymous Symbol]                       0x20002bc0   Section        0  heap_4.o(.bss.xStart)
    xSuspendedTaskList                       0x20002bc8   Data          20  tasks.o(.bss.xSuspendedTaskList)
    [Anonymous Symbol]                       0x20002bc8   Section        0  tasks.o(.bss.xSuspendedTaskList)
    xTasksWaitingTermination                 0x20002bdc   Data          20  tasks.o(.bss.xTasksWaitingTermination)
    [Anonymous Symbol]                       0x20002bdc   Section        0  tasks.o(.bss.xTasksWaitingTermination)
    xTickCount                               0x20002bf0   Data           4  tasks.o(.bss.xTickCount)
    [Anonymous Symbol]                       0x20002bf0   Section        0  tasks.o(.bss.xTickCount)
    xTimerQueue                              0x20002bf4   Data           4  timers.o(.bss.xTimerQueue)
    [Anonymous Symbol]                       0x20002bf4   Section        0  timers.o(.bss.xTimerQueue)
    xTimerTaskHandle                         0x20002bf8   Data           4  timers.o(.bss.xTimerTaskHandle)
    [Anonymous Symbol]                       0x20002bf8   Section        0  timers.o(.bss.xTimerTaskHandle)
    xYieldPendings                           0x20002bfc   Data           4  tasks.o(.bss.xYieldPendings)
    [Anonymous Symbol]                       0x20002bfc   Section        0  tasks.o(.bss.xYieldPendings)
    Heap_Mem                                 0x20002c00   Data           0  startup_tm4c123.o(HEAP)
    Stack_Mem                                0x20002c00   Data         512  startup_tm4c123.o(STACK)
    HEAP                                     0x20002c00   Section        0  startup_tm4c123.o(HEAP)
    STACK                                    0x20002c00   Section      512  startup_tm4c123.o(STACK)
    __initial_sp                             0x20002e00   Data           0  startup_tm4c123.o(STACK)

    Global Symbols

    Symbol Name                              Value     Ov Type        Size  Object(Section)

    BuildAttributes$$THM_ISAv4$E$P$D$K$B$S$7EM$VFPi3$EXTD16$VFPS$VFMA$PE$A:L22UL41UL21$X:L11$S22US41US21$IEEE1$IW$~IW$USESV6$~STKCKD$USESV7$WCHAR32$ENUMINT$~SHL$OTIME$ROPI$EBA8$UX$STANDARDLIB$REQ8$PRES8$EABIv2 0x00000000   Number         0  anon$$obj.o ABSOLUTE
    __Vectors                                0x00000000   Data           4  startup_tm4c123.o(RESET)
    __ARM_exceptions_init                     - Undefined Weak Reference
    __alloca_initialize                       - Undefined Weak Reference
    __arm_preinit_                            - Undefined Weak Reference
    __cpp_initialize__aeabi_                  - Undefined Weak Reference
    __cxa_finalize                            - Undefined Weak Reference
    __rt_locale                               - Undefined Weak Reference
    __sigvec_lookup                           - Undefined Weak Reference
    __user_heap_extent                        - Undefined Weak Reference
    _atexit_init                              - Undefined Weak Reference
    _call_atexit_fns                          - Undefined Weak Reference
    _clock_init                               - Undefined Weak Reference
    _fp_trap_init                             - Undefined Weak Reference
    _fp_trap_shutdown                         - Undefined Weak Reference
    _get_lc_collate                           - Undefined Weak Reference
    _get_lc_ctype                             - Undefined Weak Reference
    _get_lc_monetary                          - Undefined Weak Reference
    _get_lc_numeric                           - Undefined Weak Reference
    _get_lc_time                              - Undefined Weak Reference
    _getenv_init                              - Undefined Weak Reference
    _handle_redirection                       - Undefined Weak Reference
    _initio                                   - Undefined Weak Reference
    _rand_init                                - Undefined Weak Reference
    _signal_finish                            - Undefined Weak Reference
    _signal_init                              - Undefined Weak Reference
    _terminateio                              - Undefined Weak Reference
    __Vectors_End                            0x0000026c   Data           0  startup_tm4c123.o(RESET)
    __Vectors_Size                           0x0000026c   Number         0  startup_tm4c123.o ABSOLUTE
    __main                                   0x0000026d   Thumb Code     8  __main.o(!!!main)
    __scatterload                            0x00000275   Thumb Code     0  __scatter.o(!!!scatter)
    __scatterload_rt2                        0x00000275   Thumb Code    44  __scatter.o(!!!scatter)
    __scatterload_rt2_thumb_only             0x00000275   Thumb Code     0  __scatter.o(!!!scatter)
    __scatterload_null                       0x00000283   Thumb Code     0  __scatter.o(!!!scatter)
    __scatterload_copy                       0x000002a9   Thumb Code    26  __scatter_copy.o(!!handler_copy)
    __scatterload_zeroinit                   0x000002c5   Thumb Code    28  __scatter_zi.o(!!handler_zi)
    __rt_lib_init                            0x000002e1   Thumb Code     0  libinit.o(.ARM.Collect$$libinit$$00000000)
    __rt_lib_init_fp_1                       0x000002e3   Thumb Code     0  libinit2.o(.ARM.Collect$$libinit$$00000001)
    __rt_lib_init_alloca_1                   0x000002e7   Thumb Code     0  libinit2.o(.ARM.Collect$$libinit$$0000002E)
    __rt_lib_init_argv_1                     0x000002e7   Thumb Code     0  libinit2.o(.ARM.Collect$$libinit$$0000002C)
    __rt_lib_init_atexit_1                   0x000002e7   Thumb Code     0  libinit2.o(.ARM.Collect$$libinit$$0000001B)
    __rt_lib_init_clock_1                    0x000002e7   Thumb Code     0  libinit2.o(.ARM.Collect$$libinit$$00000021)
    __rt_lib_init_cpp_1                      0x000002e7   Thumb Code     0  libinit2.o(.ARM.Collect$$libinit$$00000032)
    __rt_lib_init_exceptions_1               0x000002e7   Thumb Code     0  libinit2.o(.ARM.Collect$$libinit$$00000030)
    __rt_lib_init_fp_trap_1                  0x000002e7   Thumb Code     0  libinit2.o(.ARM.Collect$$libinit$$0000001F)
    __rt_lib_init_getenv_1                   0x000002e7   Thumb Code     0  libinit2.o(.ARM.Collect$$libinit$$00000023)
    __rt_lib_init_heap_1                     0x000002e7   Thumb Code     0  libinit2.o(.ARM.Collect$$libinit$$0000000A)
    __rt_lib_init_lc_collate_1               0x000002e7   Thumb Code     0  libinit2.o(.ARM.Collect$$libinit$$00000011)
    __rt_lib_init_lc_ctype_1                 0x000002e7   Thumb Code     0  libinit2.o(.ARM.Collect$$libinit$$00000013)
    __rt_lib_init_lc_monetary_1              0x000002e7   Thumb Code     0  libinit2.o(.ARM.Collect$$libinit$$00000015)
    __rt_lib_init_lc_numeric_1               0x000002e7   Thumb Code     0  libinit2.o(.ARM.Collect$$libinit$$00000017)
    __rt_lib_init_lc_time_1                  0x000002e7   Thumb Code     0  libinit2.o(.ARM.Collect$$libinit$$00000019)
    __rt_lib_init_preinit_1                  0x000002e7   Thumb Code     0  libinit2.o(.ARM.Collect$$libinit$$00000004)
    __rt_lib_init_rand_1                     0x000002e7   Thumb Code     0  libinit2.o(.ARM.Collect$$libinit$$0000000E)
    __rt_lib_init_return                     0x000002e7   Thumb Code     0  libinit2.o(.ARM.Collect$$libinit$$00000033)
    __rt_lib_init_signal_1                   0x000002e7   Thumb Code     0  libinit2.o(.ARM.Collect$$libinit$$0000001D)
    __rt_lib_init_stdio_1                    0x000002e7   Thumb Code     0  libinit2.o(.ARM.Collect$$libinit$$00000025)
    __rt_lib_init_user_alloc_1               0x000002e7   Thumb Code     0  libinit2.o(.ARM.Collect$$libinit$$0000000C)
    __rt_lib_shutdown                        0x000002e9   Thumb Code     0  libshutdown.o(.ARM.Collect$$libshutdown$$00000000)
    __rt_lib_shutdown_cpp_1                  0x000002eb   Thumb Code     0  libshutdown2.o(.ARM.Collect$$libshutdown$$00000002)
    __rt_lib_shutdown_fp_trap_1              0x000002eb   Thumb Code     0  libshutdown2.o(.ARM.Collect$$libshutdown$$00000007)
    __rt_lib_shutdown_heap_1                 0x000002eb   Thumb Code     0  libshutdown2.o(.ARM.Collect$$libshutdown$$0000000F)
    __rt_lib_shutdown_return                 0x000002eb   Thumb Code     0  libshutdown2.o(.ARM.Collect$$libshutdown$$00000010)
    __rt_lib_shutdown_signal_1               0x000002eb   Thumb Code     0  libshutdown2.o(.ARM.Collect$$libshutdown$$0000000A)
    __rt_lib_shutdown_stdio_1                0x000002eb   Thumb Code     0  libshutdown2.o(.ARM.Collect$$libshutdown$$00000004)
    __rt_lib_shutdown_user_alloc_1           0x000002eb   Thumb Code     0  libshutdown2.o(.ARM.Collect$$libshutdown$$0000000C)
    __rt_entry                               0x000002ed   Thumb Code     0  __rtentry.o(.ARM.Collect$$rtentry$$00000000)
    __rt_entry_presh_1                       0x000002ed   Thumb Code     0  __rtentry2.o(.ARM.Collect$$rtentry$$00000002)
    __rt_entry_sh                            0x000002ed   Thumb Code     0  __rtentry4.o(.ARM.Collect$$rtentry$$00000004)
    __rt_entry_postsh_1                      0x000002f3   Thumb Code     0  __rtentry2.o(.ARM.Collect$$rtentry$$00000008)
    __rt_entry_li                            0x000002fb   Thumb Code     0  __rtentry2.o(.ARM.Collect$$rtentry$$0000000A)
    __rt_entry_main                          0x000002ff   Thumb Code     0  __rtentry2.o(.ARM.Collect$$rtentry$$0000000D)
    __rt_entry_postli_1                      0x000002ff   Thumb Code     0  __rtentry2.o(.ARM.Collect$$rtentry$$0000000C)
    __rt_exit                                0x00000307   Thumb Code     0  rtexit.o(.ARM.Collect$$rtexit$$00000000)
    __rt_exit_ls                             0x00000309   Thumb Code     0  rtexit2.o(.ARM.Collect$$rtexit$$00000003)
    __rt_exit_prels_1                        0x00000309   Thumb Code     0  rtexit2.o(.ARM.Collect$$rtexit$$00000002)
    __rt_exit_exit                           0x0000030d   Thumb Code     0  rtexit2.o(.ARM.Collect$$rtexit$$00000004)
    Reset_Handler                            0x00000315   Thumb Code     8  startup_tm4c123.o(.text)
    NMI_Handler                              0x0000031d   Thumb Code     2  startup_tm4c123.o(.text)
    HardFault_Handler                        0x0000031f   Thumb Code     2  startup_tm4c123.o(.text)
    MemManage_Handler                        0x00000321   Thumb Code     2  startup_tm4c123.o(.text)
    BusFault_Handler                         0x00000323   Thumb Code     2  startup_tm4c123.o(.text)
    UsageFault_Handler                       0x00000325   Thumb Code     2  startup_tm4c123.o(.text)
    DebugMon_Handler                         0x00000329   Thumb Code     2  startup_tm4c123.o(.text)
    GPIOA_Handler                            0x0000032f   Thumb Code     2  startup_tm4c123.o(.text)
    GPIOB_Handler                            0x00000331   Thumb Code     2  startup_tm4c123.o(.text)
    GPIOC_Handler                            0x00000333   Thumb Code     2  startup_tm4c123.o(.text)
    GPIOD_Handler                            0x00000335   Thumb Code     2  startup_tm4c123.o(.text)
    GPIOE_Handler                            0x00000337   Thumb Code     2  startup_tm4c123.o(.text)
    UART0_Handler                            0x00000339   Thumb Code     2  startup_tm4c123.o(.text)
    UART1_Handler                            0x0000033b   Thumb Code     2  startup_tm4c123.o(.text)
    SSI0_Handler                             0x0000033d   Thumb Code     2  startup_tm4c123.o(.text)
    I2C0_Handler                             0x0000033f   Thumb Code     2  startup_tm4c123.o(.text)
    PMW0_FAULT_Handler                       0x00000341   Thumb Code     2  startup_tm4c123.o(.text)
    PWM0_0_Handler                           0x00000343   Thumb Code     2  startup_tm4c123.o(.text)
    PWM0_1_Handler                           0x00000345   Thumb Code     2  startup_tm4c123.o(.text)
    PWM0_2_Handler                           0x00000347   Thumb Code     2  startup_tm4c123.o(.text)
    QEI0_Handler                             0x00000349   Thumb Code     2  startup_tm4c123.o(.text)
    ADC0SS0_Handler                          0x0000034b   Thumb Code     2  startup_tm4c123.o(.text)
    ADC0SS1_Handler                          0x0000034d   Thumb Code     2  startup_tm4c123.o(.text)
    ADC0SS2_Handler                          0x0000034f   Thumb Code     2  startup_tm4c123.o(.text)
    ADC0SS3_Handler                          0x00000351   Thumb Code     2  startup_tm4c123.o(.text)
    WDT0_Handler                             0x00000353   Thumb Code     2  startup_tm4c123.o(.text)
    TIMER0A_Handler                          0x00000355   Thumb Code     2  startup_tm4c123.o(.text)
    TIMER0B_Handler                          0x00000357   Thumb Code     2  startup_tm4c123.o(.text)
    TIMER1A_Handler                          0x00000359   Thumb Code     2  startup_tm4c123.o(.text)
    TIMER1B_Handler                          0x0000035b   Thumb Code     2  startup_tm4c123.o(.text)
    TIMER2A_Handler                          0x0000035d   Thumb Code     2  startup_tm4c123.o(.text)
    TIMER2B_Handler                          0x0000035f   Thumb Code     2  startup_tm4c123.o(.text)
    COMP0_Handler                            0x00000361   Thumb Code     2  startup_tm4c123.o(.text)
    COMP1_Handler                            0x00000363   Thumb Code     2  startup_tm4c123.o(.text)
    COMP2_Handler                            0x00000365   Thumb Code     2  startup_tm4c123.o(.text)
    SYSCTL_Handler                           0x00000367   Thumb Code     2  startup_tm4c123.o(.text)
    FLASH_Handler                            0x00000369   Thumb Code     2  startup_tm4c123.o(.text)
    GPIOF_Handler                            0x0000036b   Thumb Code     2  startup_tm4c123.o(.text)
    GPIOG_Handler                            0x0000036d   Thumb Code     2  startup_tm4c123.o(.text)
    GPIOH_Handler                            0x0000036f   Thumb Code     2  startup_tm4c123.o(.text)
    UART2_Handler                            0x00000371   Thumb Code     2  startup_tm4c123.o(.text)
    SSI1_Handler                             0x00000373   Thumb Code     2  startup_tm4c123.o(.text)
    TIMER3A_Handler                          0x00000375   Thumb Code     2  startup_tm4c123.o(.text)
    TIMER3B_Handler                          0x00000377   Thumb Code     2  startup_tm4c123.o(.text)
    I2C1_Handler                             0x00000379   Thumb Code     2  startup_tm4c123.o(.text)
    QEI1_Handler                             0x0000037b   Thumb Code     2  startup_tm4c123.o(.text)
    CAN0_Handler                             0x0000037d   Thumb Code     2  startup_tm4c123.o(.text)
    CAN1_Handler                             0x0000037f   Thumb Code     2  startup_tm4c123.o(.text)
    CAN2_Handler                             0x00000381   Thumb Code     2  startup_tm4c123.o(.text)
    HIB_Handler                              0x00000383   Thumb Code     2  startup_tm4c123.o(.text)
    USB0_Handler                             0x00000385   Thumb Code     2  startup_tm4c123.o(.text)
    PWM0_3_Handler                           0x00000387   Thumb Code     2  startup_tm4c123.o(.text)
    UDMA_Handler                             0x00000389   Thumb Code     2  startup_tm4c123.o(.text)
    UDMAERR_Handler                          0x0000038b   Thumb Code     2  startup_tm4c123.o(.text)
    ADC1SS0_Handler                          0x0000038d   Thumb Code     2  startup_tm4c123.o(.text)
    ADC1SS1_Handler                          0x0000038f   Thumb Code     2  startup_tm4c123.o(.text)
    ADC1SS2_Handler                          0x00000391   Thumb Code     2  startup_tm4c123.o(.text)
    ADC1SS3_Handler                          0x00000393   Thumb Code     2  startup_tm4c123.o(.text)
    GPIOJ_Handler                            0x00000395   Thumb Code     2  startup_tm4c123.o(.text)
    GPIOK_Handler                            0x00000397   Thumb Code     2  startup_tm4c123.o(.text)
    GPIOL_Handler                            0x00000399   Thumb Code     2  startup_tm4c123.o(.text)
    SSI2_Handler                             0x0000039b   Thumb Code     2  startup_tm4c123.o(.text)
    SSI3_Handler                             0x0000039d   Thumb Code     2  startup_tm4c123.o(.text)
    UART3_Handler                            0x0000039f   Thumb Code     2  startup_tm4c123.o(.text)
    UART4_Handler                            0x000003a1   Thumb Code     2  startup_tm4c123.o(.text)
    UART5_Handler                            0x000003a3   Thumb Code     2  startup_tm4c123.o(.text)
    UART6_Handler                            0x000003a5   Thumb Code     2  startup_tm4c123.o(.text)
    UART7_Handler                            0x000003a7   Thumb Code     2  startup_tm4c123.o(.text)
    I2C2_Handler                             0x000003a9   Thumb Code     2  startup_tm4c123.o(.text)
    I2C3_Handler                             0x000003ab   Thumb Code     2  startup_tm4c123.o(.text)
    TIMER4A_Handler                          0x000003ad   Thumb Code     2  startup_tm4c123.o(.text)
    TIMER4B_Handler                          0x000003af   Thumb Code     2  startup_tm4c123.o(.text)
    TIMER5A_Handler                          0x000003b1   Thumb Code     2  startup_tm4c123.o(.text)
    TIMER5B_Handler                          0x000003b3   Thumb Code     2  startup_tm4c123.o(.text)
    WTIMER0A_Handler                         0x000003b5   Thumb Code     2  startup_tm4c123.o(.text)
    WTIMER0B_Handler                         0x000003b7   Thumb Code     2  startup_tm4c123.o(.text)
    WTIMER1A_Handler                         0x000003b9   Thumb Code     2  startup_tm4c123.o(.text)
    WTIMER1B_Handler                         0x000003bb   Thumb Code     2  startup_tm4c123.o(.text)
    WTIMER2A_Handler                         0x000003bd   Thumb Code     2  startup_tm4c123.o(.text)
    WTIMER2B_Handler                         0x000003bf   Thumb Code     2  startup_tm4c123.o(.text)
    WTIMER3A_Handler                         0x000003c1   Thumb Code     2  startup_tm4c123.o(.text)
    WTIMER3B_Handler                         0x000003c3   Thumb Code     2  startup_tm4c123.o(.text)
    WTIMER4A_Handler                         0x000003c5   Thumb Code     2  startup_tm4c123.o(.text)
    WTIMER4B_Handler                         0x000003c7   Thumb Code     2  startup_tm4c123.o(.text)
    WTIMER5A_Handler                         0x000003c9   Thumb Code     2  startup_tm4c123.o(.text)
    WTIMER5B_Handler                         0x000003cb   Thumb Code     2  startup_tm4c123.o(.text)
    FPU_Handler                              0x000003cd   Thumb Code     2  startup_tm4c123.o(.text)
    I2C4_Handler                             0x000003cf   Thumb Code     2  startup_tm4c123.o(.text)
    I2C5_Handler                             0x000003d1   Thumb Code     2  startup_tm4c123.o(.text)
    GPIOM_Handler                            0x000003d3   Thumb Code     2  startup_tm4c123.o(.text)
    GPION_Handler                            0x000003d5   Thumb Code     2  startup_tm4c123.o(.text)
    QEI2_Handler                             0x000003d7   Thumb Code     2  startup_tm4c123.o(.text)
    GPIOP0_Handler                           0x000003d9   Thumb Code     2  startup_tm4c123.o(.text)
    GPIOP1_Handler                           0x000003db   Thumb Code     2  startup_tm4c123.o(.text)
    GPIOP2_Handler                           0x000003dd   Thumb Code     2  startup_tm4c123.o(.text)
    GPIOP3_Handler                           0x000003df   Thumb Code     2  startup_tm4c123.o(.text)
    GPIOP4_Handler                           0x000003e1   Thumb Code     2  startup_tm4c123.o(.text)
    GPIOP5_Handler                           0x000003e3   Thumb Code     2  startup_tm4c123.o(.text)
    GPIOP6_Handler                           0x000003e5   Thumb Code     2  startup_tm4c123.o(.text)
    GPIOP7_Handler                           0x000003e7   Thumb Code     2  startup_tm4c123.o(.text)
    GPIOQ0_Handler                           0x000003e9   Thumb Code     2  startup_tm4c123.o(.text)
    GPIOQ1_Handler                           0x000003eb   Thumb Code     2  startup_tm4c123.o(.text)
    GPIOQ2_Handler                           0x000003ed   Thumb Code     2  startup_tm4c123.o(.text)
    GPIOQ3_Handler                           0x000003ef   Thumb Code     2  startup_tm4c123.o(.text)
    GPIOQ4_Handler                           0x000003f1   Thumb Code     2  startup_tm4c123.o(.text)
    GPIOQ5_Handler                           0x000003f3   Thumb Code     2  startup_tm4c123.o(.text)
    GPIOQ6_Handler                           0x000003f5   Thumb Code     2  startup_tm4c123.o(.text)
    GPIOQ7_Handler                           0x000003f7   Thumb Code     2  startup_tm4c123.o(.text)
    GPIOR_Handler                            0x000003f9   Thumb Code     2  startup_tm4c123.o(.text)
    GPIOS_Handler                            0x000003fb   Thumb Code     2  startup_tm4c123.o(.text)
    PMW1_0_Handler                           0x000003fd   Thumb Code     2  startup_tm4c123.o(.text)
    PWM1_1_Handler                           0x000003ff   Thumb Code     2  startup_tm4c123.o(.text)
    PWM1_2_Handler                           0x00000401   Thumb Code     2  startup_tm4c123.o(.text)
    PWM1_3_Handler                           0x00000403   Thumb Code     2  startup_tm4c123.o(.text)
    PWM1_FAULT_Handler                       0x00000405   Thumb Code     2  startup_tm4c123.o(.text)
    __user_initial_stackheap                 0x00000409   Thumb Code     0  startup_tm4c123.o(.text)
    __aeabi_memcpy                           0x00000429   Thumb Code     0  rt_memcpy_v6.o(.text)
    __rt_memcpy                              0x00000429   Thumb Code   138  rt_memcpy_v6.o(.text)
    _memcpy_lastbytes                        0x0000048f   Thumb Code     0  rt_memcpy_v6.o(.text)
    __aeabi_memset4                          0x000004b3   Thumb Code    16  aeabi_memset4.o(.text)
    __aeabi_memset8                          0x000004b3   Thumb Code     0  aeabi_memset4.o(.text)
    __aeabi_memclr                           0x000004c3   Thumb Code     0  rt_memclr.o(.text)
    __rt_memclr                              0x000004c3   Thumb Code    68  rt_memclr.o(.text)
    _memset                                  0x000004c7   Thumb Code     0  rt_memclr.o(.text)
    __aeabi_memclr4                          0x00000507   Thumb Code     0  rt_memclr_w.o(.text)
    __aeabi_memclr8                          0x00000507   Thumb Code     0  rt_memclr_w.o(.text)
    __rt_memclr_w                            0x00000507   Thumb Code    78  rt_memclr_w.o(.text)
    _memset_w                                0x0000050b   Thumb Code     0  rt_memclr_w.o(.text)
    __use_two_region_memory                  0x00000555   Thumb Code     2  heapauxi.o(.text)
    __rt_heap_escrow                         0x00000557   Thumb Code     2  heapauxi.o(.text)
    __rt_heap_expand                         0x00000559   Thumb Code     2  heapauxi.o(.text)
    __aeabi_memcpy4                          0x0000055b   Thumb Code     0  rt_memcpy_w.o(.text)
    __aeabi_memcpy8                          0x0000055b   Thumb Code     0  rt_memcpy_w.o(.text)
    __rt_memcpy_w                            0x0000055b   Thumb Code   100  rt_memcpy_w.o(.text)
    _memcpy_lastbytes_aligned                0x000005a3   Thumb Code     0  rt_memcpy_w.o(.text)
    __user_libspace                          0x000005c1   Thumb Code     8  libspace.o(.text)
    __user_perproc_libspace                  0x000005c1   Thumb Code     0  libspace.o(.text)
    __user_setup_stackheap                   0x000005c9   Thumb Code    74  sys_stackheap_outer.o(.text)
    exit                                     0x00000613   Thumb Code    18  exit.o(.text)
    _sys_exit                                0x00000625   Thumb Code     8  sys_exit.o(.text)
    __I$use$semihosting                      0x00000631   Thumb Code     0  use_no_semi.o(.text)
    __use_no_semihosting_swi                 0x00000631   Thumb Code     2  use_no_semi.o(.text)
    __semihosting_library_function           0x00000633   Thumb Code     0  indicate_semi.o(.text)
    _fp_init                                 0x00000635   Thumb Code    22  clib_os.o(.text.$Sub$$_fp_init)
    PendSV_Handler                           0x00000681   Thumb Code   100  port.o(.text.PendSV_Handler)
    SVC_Handler                              0x000006f1   Thumb Code    36  port.o(.text.SVC_Handler)
    SysTick_Handler                          0x00000715   Thumb Code    26  cmsis_os2.o(.text.SysTick_Handler)
    SystemInit                               0x00000731   Thumb Code   112  system_tm4c123.o(.text.SystemInit)
    systick1Ms()                             0x000007a1   Thumb Code    18  utils.o(.text._Z10systick1Msv)
    systick1Us()                             0x000007b5   Thumb Code    80  utils.o(.text._Z10systick1Usv)
    motorControl(void*)                      0x00000805   Thumb Code    22  main.o(.text._Z12motorControlPv)
    pwmGenerator(int)                        0x0000081d   Thumb Code    68  utils.o(.text._Z12pwmGeneratori)
    servoGenerator(int)                      0x00000861   Thumb Code    80  servomotor.o(.text._Z14servoGeneratori)
    turnLeft()                               0x000008b1   Thumb Code    32  servomotor.o(.text._Z8turnLeftv)
    turnRight()                              0x000008d1   Thumb Code    32  servomotor.o(.text._Z9turnRightv)
    gpioService::gpioDInit()                 0x000008f1   Thumb Code    46  gpio.o(.text._ZN11gpioService9gpioDInitEv)
    gpioService::gpioFInit()                 0x00000921   Thumb Code    78  gpio.o(.text._ZN11gpioService9gpioFInitEv)
    motorService::initService()              0x00000971   Thumb Code    46  motor.o(.text._ZN12motorService11initServiceEv)
    motorService::moveForward()              0x000009a1   Thumb Code    62  motor.o(.text._ZN12motorService11moveForwardEv)
    motorService::moveBackwards()            0x000009e1   Thumb Code    62  motor.o(.text._ZN12motorService13moveBackwardsEv)
    motorService::pwmSignal()                0x00000a21   Thumb Code   120  motor.o(.text._ZN12motorService9pwmSignalEv)
    bluetoothService::initService()          0x00000a99   Thumb Code    18  bluetooth.o(.text._ZN16bluetoothService11initServiceEv)
    bluetoothService::readChar()             0x00000aad   Thumb Code   100  bluetooth.o(.text._ZN16bluetoothService8readCharEv)
    bluetoothService::uart1Init()            0x00000b11   Thumb Code   102  bluetooth.o(.text._ZN16bluetoothService9uart1InitEv)
    _mutex_acquire                           0x00000b79   Thumb Code    32  clib_os.o(.text._mutex_acquire)
    _mutex_free                              0x00000b99   Thumb Code    50  clib_os.o(.text._mutex_free)
    _mutex_initialize                        0x00000bcd   Thumb Code    88  clib_os.o(.text._mutex_initialize)
    _mutex_release                           0x00000c25   Thumb Code    34  clib_os.o(.text._mutex_release)
    _platform_post_stackheap_init            0x00000c49   Thumb Code     2  clib_os.o(.text._platform_post_stackheap_init)
    main                                     0x00000c59   Thumb Code    64  main.o(.text.main)
    osKernelInitialize                       0x00000c99   Thumb Code    52  cmsis_os2.o(.text.osKernelInitialize)
    osKernelStart                            0x00000ccd   Thumb Code    56  cmsis_os2.o(.text.osKernelStart)
    osThreadNew                              0x00000d05   Thumb Code   204  cmsis_os2.o(.text.osThreadNew)
    pvPortMalloc                             0x00001821   Thumb Code   246  heap_4.o(.text.pvPortMalloc)
    pvTaskIncrementMutexHeldCount            0x00001919   Thumb Code    24  tasks.o(.text.pvTaskIncrementMutexHeldCount)
    pxPortInitialiseStack                    0x00001931   Thumb Code    40  port.o(.text.pxPortInitialiseStack)
    uxListRemove                             0x00001959   Thumb Code    38  list.o(.text.uxListRemove)
    vApplicationGetIdleTaskMemory            0x00001981   Thumb Code    26  tasks.o(.text.vApplicationGetIdleTaskMemory)
    vApplicationGetTimerTaskMemory           0x0000199d   Thumb Code    26  tasks.o(.text.vApplicationGetTimerTaskMemory)
    vApplicationStackOverflowHook            0x000019b9   Thumb Code     2  cmsis_os2.o(.text.vApplicationStackOverflowHook)
    vListInitialise                          0x000019bd   Thumb Code    22  list.o(.text.vListInitialise)
    vListInitialiseItem                      0x000019d5   Thumb Code     6  list.o(.text.vListInitialiseItem)
    vListInsert                              0x000019dd   Thumb Code    58  list.o(.text.vListInsert)
    vPortEnterCritical                       0x00001a2d   Thumb Code    32  port.o(.text.vPortEnterCritical)
    vPortExitCritical                        0x00001a4d   Thumb Code    26  port.o(.text.vPortExitCritical)
    vPortFree                                0x00001a69   Thumb Code    86  heap_4.o(.text.vPortFree)
    vPortSetupTimerInterrupt                 0x00001ac1   Thumb Code    52  port.o(.text.vPortSetupTimerInterrupt)
    vQueueDelete                             0x00001af5   Thumb Code    16  queue.o(.text.vQueueDelete)
    vQueueWaitForMessageRestricted           0x00001b05   Thumb Code    68  queue.o(.text.vQueueWaitForMessageRestricted)
    vTaskInternalSetTimeOutState             0x00001b49   Thumb Code    26  tasks.o(.text.vTaskInternalSetTimeOutState)
    vTaskMissedYield                         0x00001b65   Thumb Code    14  tasks.o(.text.vTaskMissedYield)
    vTaskPlaceOnEventList                    0x00001b75   Thumb Code    30  tasks.o(.text.vTaskPlaceOnEventList)
    vTaskPlaceOnEventListRestricted          0x00001b95   Thumb Code    80  tasks.o(.text.vTaskPlaceOnEventListRestricted)
    vTaskPriorityDisinheritAfterTimeout      0x00001be5   Thumb Code   128  tasks.o(.text.vTaskPriorityDisinheritAfterTimeout)
    vTaskStartScheduler                      0x00001c65   Thumb Code    88  tasks.o(.text.vTaskStartScheduler)
    vTaskSuspendAll                          0x00001cbd   Thumb Code    16  tasks.o(.text.vTaskSuspendAll)
    vTaskSwitchContext                       0x00001ccd   Thumb Code   172  tasks.o(.text.vTaskSwitchContext)
    xPortStartScheduler                      0x00001d79   Thumb Code    78  port.o(.text.xPortStartScheduler)
    xPortSysTickHandler                      0x00001dc9   Thumb Code    46  port.o(.text.xPortSysTickHandler)
    xQueueCreateMutex                        0x00001df9   Thumb Code    22  queue.o(.text.xQueueCreateMutex)
    xQueueCreateMutexStatic                  0x00001e11   Thumb Code    34  queue.o(.text.xQueueCreateMutexStatic)
    xQueueGenericCreate                      0x00001e35   Thumb Code    76  queue.o(.text.xQueueGenericCreate)
    xQueueGenericCreateStatic                0x00001e81   Thumb Code    58  queue.o(.text.xQueueGenericCreateStatic)
    xQueueGenericReset                       0x00001ebd   Thumb Code   128  queue.o(.text.xQueueGenericReset)
    xQueueGenericSend                        0x00001f3d   Thumb Code   310  queue.o(.text.xQueueGenericSend)
    xQueueReceive                            0x00002075   Thumb Code   296  queue.o(.text.xQueueReceive)
    xQueueSemaphoreTake                      0x0000219d   Thumb Code   354  queue.o(.text.xQueueSemaphoreTake)
    xTaskCheckForTimeOut                     0x00002301   Thumb Code   124  tasks.o(.text.xTaskCheckForTimeOut)
    xTaskCreate                              0x0000237d   Thumb Code    36  tasks.o(.text.xTaskCreate)
    xTaskCreateStatic                        0x000023a1   Thumb Code    42  tasks.o(.text.xTaskCreateStatic)
    xTaskGetSchedulerState                   0x000023cd   Thumb Code    38  tasks.o(.text.xTaskGetSchedulerState)
    xTaskGetTickCount                        0x000023f5   Thumb Code    12  tasks.o(.text.xTaskGetTickCount)
    xTaskIncrementTick                       0x00002401   Thumb Code   404  tasks.o(.text.xTaskIncrementTick)
    xTaskPriorityDisinherit                  0x00002595   Thumb Code   112  tasks.o(.text.xTaskPriorityDisinherit)
    xTaskPriorityInherit                     0x00002605   Thumb Code   166  tasks.o(.text.xTaskPriorityInherit)
    xTaskRemoveFromEventList                 0x000026ad   Thumb Code   224  tasks.o(.text.xTaskRemoveFromEventList)
    xTaskResumeAll                           0x0000278d   Thumb Code   348  tasks.o(.text.xTaskResumeAll)
    xTimerCreateTimerTask                    0x000028e9   Thumb Code   104  timers.o(.text.xTimerCreateTimerTask)
    $Super$$_fp_init                         0x00002951   Thumb Code    26  fpinit.o(x$fpl$fpinit)
    __fplib_config_fpu_vfp                   0x00002969   Thumb Code     0  fpinit.o(x$fpl$fpinit)
    __fplib_config_pureend_doubles           0x00002969   Thumb Code     0  fpinit.o(x$fpl$fpinit)
    Region$$Table$$Base                      0x00002984   Number         0  anon$$obj.o(Region$$Table)
    Region$$Table$$Limit                     0x000029a4   Number         0  anon$$obj.o(Region$$Table)
    SystemCoreClock                          0x20000000   Data           4  system_tm4c123.o(.data.SystemCoreClock)
    __libspace_start                         0x20000008   Data          96  libspace.o(.bss)
    __temporary_stack_top$libspace           0x20000068   Data           0  libspace.o(.bss)
    pxCurrentTCB                             0x200002b4   Data           4  tasks.o(.bss.pxCurrentTCB)



==============================================================================

Memory Map of the image

  Image Entry point : 0x00000315

  Load Region LR_1 (Base: 0x00000000, Size: 0x000029ac, Max: 0xffffffff, ABSOLUTE)

    Execution Region ER_RO (Exec base: 0x00000000, Load base: 0x00000000, Size: 0x000029a4, Max: 0xffffffff, ABSOLUTE)

    Exec Addr    Load Addr    Size         Type   Attr      Idx    E Section Name        Object

    0x00000000   0x00000000   0x0000026c   Data   RO          328    RESET               startup_tm4c123.o
    0x0000026c   0x0000026c   0x00000008   Code   RO          898  * !!!main             c_wu.l(__main.o)
    0x00000274   0x00000274   0x00000034   Code   RO         1115    !!!scatter          c_wu.l(__scatter.o)
    0x000002a8   0x000002a8   0x0000001a   Code   RO         1117    !!handler_copy      c_wu.l(__scatter_copy.o)
    0x000002c2   0x000002c2   0x00000002   PAD
    0x000002c4   0x000002c4   0x0000001c   Code   RO         1119    !!handler_zi        c_wu.l(__scatter_zi.o)
    0x000002e0   0x000002e0   0x00000002   Code   RO         1043    .ARM.Collect$$libinit$$00000000  c_wu.l(libinit.o)
    0x000002e2   0x000002e2   0x00000004   Code   RO          975    .ARM.Collect$$libinit$$00000001  c_wu.l(libinit2.o)
    0x000002e6   0x000002e6   0x00000000   Code   RO          978    .ARM.Collect$$libinit$$00000004  c_wu.l(libinit2.o)
    0x000002e6   0x000002e6   0x00000000   Code   RO          981    .ARM.Collect$$libinit$$0000000A  c_wu.l(libinit2.o)
    0x000002e6   0x000002e6   0x00000000   Code   RO          983    .ARM.Collect$$libinit$$0000000C  c_wu.l(libinit2.o)
    0x000002e6   0x000002e6   0x00000000   Code   RO          985    .ARM.Collect$$libinit$$0000000E  c_wu.l(libinit2.o)
    0x000002e6   0x000002e6   0x00000000   Code   RO          988    .ARM.Collect$$libinit$$00000011  c_wu.l(libinit2.o)
    0x000002e6   0x000002e6   0x00000000   Code   RO          990    .ARM.Collect$$libinit$$00000013  c_wu.l(libinit2.o)
    0x000002e6   0x000002e6   0x00000000   Code   RO          992    .ARM.Collect$$libinit$$00000015  c_wu.l(libinit2.o)
    0x000002e6   0x000002e6   0x00000000   Code   RO          994    .ARM.Collect$$libinit$$00000017  c_wu.l(libinit2.o)
    0x000002e6   0x000002e6   0x00000000   Code   RO          996    .ARM.Collect$$libinit$$00000019  c_wu.l(libinit2.o)
    0x000002e6   0x000002e6   0x00000000   Code   RO          998    .ARM.Collect$$libinit$$0000001B  c_wu.l(libinit2.o)
    0x000002e6   0x000002e6   0x00000000   Code   RO         1000    .ARM.Collect$$libinit$$0000001D  c_wu.l(libinit2.o)
    0x000002e6   0x000002e6   0x00000000   Code   RO         1002    .ARM.Collect$$libinit$$0000001F  c_wu.l(libinit2.o)
    0x000002e6   0x000002e6   0x00000000   Code   RO         1004    .ARM.Collect$$libinit$$00000021  c_wu.l(libinit2.o)
    0x000002e6   0x000002e6   0x00000000   Code   RO         1006    .ARM.Collect$$libinit$$00000023  c_wu.l(libinit2.o)
    0x000002e6   0x000002e6   0x00000000   Code   RO         1008    .ARM.Collect$$libinit$$00000025  c_wu.l(libinit2.o)
    0x000002e6   0x000002e6   0x00000000   Code   RO         1012    .ARM.Collect$$libinit$$0000002C  c_wu.l(libinit2.o)
    0x000002e6   0x000002e6   0x00000000   Code   RO         1014    .ARM.Collect$$libinit$$0000002E  c_wu.l(libinit2.o)
    0x000002e6   0x000002e6   0x00000000   Code   RO         1016    .ARM.Collect$$libinit$$00000030  c_wu.l(libinit2.o)
    0x000002e6   0x000002e6   0x00000000   Code   RO         1018    .ARM.Collect$$libinit$$00000032  c_wu.l(libinit2.o)
    0x000002e6   0x000002e6   0x00000002   Code   RO         1019    .ARM.Collect$$libinit$$00000033  c_wu.l(libinit2.o)
    0x000002e8   0x000002e8   0x00000002   Code   RO         1112    .ARM.Collect$$libshutdown$$00000000  c_wu.l(libshutdown.o)
    0x000002ea   0x000002ea   0x00000000   Code   RO         1066    .ARM.Collect$$libshutdown$$00000002  c_wu.l(libshutdown2.o)
    0x000002ea   0x000002ea   0x00000000   Code   RO         1068    .ARM.Collect$$libshutdown$$00000004  c_wu.l(libshutdown2.o)
    0x000002ea   0x000002ea   0x00000000   Code   RO         1071    .ARM.Collect$$libshutdown$$00000007  c_wu.l(libshutdown2.o)
    0x000002ea   0x000002ea   0x00000000   Code   RO         1074    .ARM.Collect$$libshutdown$$0000000A  c_wu.l(libshutdown2.o)
    0x000002ea   0x000002ea   0x00000000   Code   RO         1076    .ARM.Collect$$libshutdown$$0000000C  c_wu.l(libshutdown2.o)
    0x000002ea   0x000002ea   0x00000000   Code   RO         1079    .ARM.Collect$$libshutdown$$0000000F  c_wu.l(libshutdown2.o)
    0x000002ea   0x000002ea   0x00000002   Code   RO         1080    .ARM.Collect$$libshutdown$$00000010  c_wu.l(libshutdown2.o)
    0x000002ec   0x000002ec   0x00000000   Code   RO          902    .ARM.Collect$$rtentry$$00000000  c_wu.l(__rtentry.o)
    0x000002ec   0x000002ec   0x00000000   Code   RO          942    .ARM.Collect$$rtentry$$00000002  c_wu.l(__rtentry2.o)
    0x000002ec   0x000002ec   0x00000006   Code   RO          954    .ARM.Collect$$rtentry$$00000004  c_wu.l(__rtentry4.o)
    0x000002f2   0x000002f2   0x00000008   Code   RO          943    .ARM.Collect$$rtentry$$00000008  c_wu.l(__rtentry2.o)
    0x000002fa   0x000002fa   0x00000004   Code   RO          945    .ARM.Collect$$rtentry$$0000000A  c_wu.l(__rtentry2.o)
    0x000002fe   0x000002fe   0x00000000   Code   RO          947    .ARM.Collect$$rtentry$$0000000C  c_wu.l(__rtentry2.o)
    0x000002fe   0x000002fe   0x00000008   Code   RO          948    .ARM.Collect$$rtentry$$0000000D  c_wu.l(__rtentry2.o)
    0x00000306   0x00000306   0x00000002   Code   RO         1051    .ARM.Collect$$rtexit$$00000000  c_wu.l(rtexit.o)
    0x00000308   0x00000308   0x00000000   Code   RO         1086    .ARM.Collect$$rtexit$$00000002  c_wu.l(rtexit2.o)
    0x00000308   0x00000308   0x00000004   Code   RO         1087    .ARM.Collect$$rtexit$$00000003  c_wu.l(rtexit2.o)
    0x0000030c   0x0000030c   0x00000006   Code   RO         1088    .ARM.Collect$$rtexit$$00000004  c_wu.l(rtexit2.o)
    0x00000312   0x00000312   0x00000002   PAD
    0x00000314   0x00000314   0x00000114   Code   RO          329  * .text               startup_tm4c123.o
    0x00000428   0x00000428   0x0000008a   Code   RO          888    .text               c_wu.l(rt_memcpy_v6.o)
    0x000004b2   0x000004b2   0x00000010   Code   RO          890    .text               c_wu.l(aeabi_memset4.o)
    0x000004c2   0x000004c2   0x00000044   Code   RO          892    .text               c_wu.l(rt_memclr.o)
    0x00000506   0x00000506   0x0000004e   Code   RO          894    .text               c_wu.l(rt_memclr_w.o)
    0x00000554   0x00000554   0x00000006   Code   RO          896    .text               c_wu.l(heapauxi.o)
    0x0000055a   0x0000055a   0x00000064   Code   RO          936    .text               c_wu.l(rt_memcpy_w.o)
    0x000005be   0x000005be   0x00000002   PAD
    0x000005c0   0x000005c0   0x00000008   Code   RO          938    .text               c_wu.l(libspace.o)
    0x000005c8   0x000005c8   0x0000004a   Code   RO         1024    .text               c_wu.l(sys_stackheap_outer.o)
    0x00000612   0x00000612   0x00000012   Code   RO         1032    .text               c_wu.l(exit.o)
    0x00000624   0x00000624   0x0000000c   Code   RO         1044    .text               c_wu.l(sys_exit.o)
    0x00000630   0x00000630   0x00000002   Code   RO         1048    .text               c_wu.l(use_no_semi.o)
    0x00000632   0x00000632   0x00000000   Code   RO         1050    .text               c_wu.l(indicate_semi.o)
    0x00000632   0x00000632   0x00000002   PAD
    0x00000634   0x00000634   0x00000016   Code   RO          106    .text.$Sub$$_fp_init  clib_os.o
    0x0000064a   0x0000064a   0x00000002   PAD
    0x0000064c   0x0000064c   0x0000002e   Code   RO          138    .text.IRQ_Context   cmsis_os2.o
    0x0000067a   0x0000067a   0x00000006   PAD
    0x00000680   0x00000680   0x00000064   Code   RO          431    .text.PendSV_Handler  port.o
    0x000006e4   0x000006e4   0x0000000c   PAD
    0x000006f0   0x000006f0   0x00000024   Code   RO          415    .text.SVC_Handler   port.o
    0x00000714   0x00000714   0x0000001a   Code   RO          134    .text.SysTick_Handler  cmsis_os2.o
    0x0000072e   0x0000072e   0x00000002   PAD
    0x00000730   0x00000730   0x00000070   Code   RO          340    .text.SystemInit    system_tm4c123.o
    0x000007a0   0x000007a0   0x00000012   Code   RO           54    .text._Z10systick1Msv  utils.o
    0x000007b2   0x000007b2   0x00000002   PAD
    0x000007b4   0x000007b4   0x00000050   Code   RO           52    .text._Z10systick1Usv  utils.o
    0x00000804   0x00000804   0x00000016   Code   RO            4    .text._Z12motorControlPv  main.o
    0x0000081a   0x0000081a   0x00000002   PAD
    0x0000081c   0x0000081c   0x00000044   Code   RO           64    .text._Z12pwmGeneratori  utils.o
    0x00000860   0x00000860   0x00000050   Code   RO           90    .text._Z14servoGeneratori  servomotor.o
    0x000008b0   0x000008b0   0x00000020   Code   RO           92    .text._Z8turnLeftv  servomotor.o
    0x000008d0   0x000008d0   0x00000020   Code   RO           94    .text._Z9turnRightv  servomotor.o
    0x000008f0   0x000008f0   0x0000002e   Code   RO           42    .text._ZN11gpioService9gpioDInitEv  gpio.o
    0x0000091e   0x0000091e   0x00000002   PAD
    0x00000920   0x00000920   0x0000004e   Code   RO           40    .text._ZN11gpioService9gpioFInitEv  gpio.o
    0x0000096e   0x0000096e   0x00000002   PAD
    0x00000970   0x00000970   0x0000002e   Code   RO           80    .text._ZN12motorService11initServiceEv  motor.o
    0x0000099e   0x0000099e   0x00000002   PAD
    0x000009a0   0x000009a0   0x0000003e   Code   RO           76    .text._ZN12motorService11moveForwardEv  motor.o
    0x000009de   0x000009de   0x00000002   PAD
    0x000009e0   0x000009e0   0x0000003e   Code   RO           78    .text._ZN12motorService13moveBackwardsEv  motor.o
    0x00000a1e   0x00000a1e   0x00000002   PAD
    0x00000a20   0x00000a20   0x00000078   Code   RO           74    .text._ZN12motorService9pwmSignalEv  motor.o
    0x00000a98   0x00000a98   0x00000012   Code   RO           30    .text._ZN16bluetoothService11initServiceEv  bluetooth.o
    0x00000aaa   0x00000aaa   0x00000002   PAD
    0x00000aac   0x00000aac   0x00000064   Code   RO           26    .text._ZN16bluetoothService8readCharEv  bluetooth.o
    0x00000b10   0x00000b10   0x00000066   Code   RO           20    .text._ZN16bluetoothService9uart1InitEv  bluetooth.o
    0x00000b76   0x00000b76   0x00000002   PAD
    0x00000b78   0x00000b78   0x00000020   Code   RO          114    .text._mutex_acquire  clib_os.o
    0x00000b98   0x00000b98   0x00000032   Code   RO          120    .text._mutex_free   clib_os.o
    0x00000bca   0x00000bca   0x00000002   PAD
    0x00000bcc   0x00000bcc   0x00000058   Code   RO          112    .text._mutex_initialize  clib_os.o
    0x00000c24   0x00000c24   0x00000022   Code   RO          118    .text._mutex_release  clib_os.o
    0x00000c46   0x00000c46   0x00000002   PAD
    0x00000c48   0x00000c48   0x00000002   Code   RO          104    .text._platform_post_stackheap_init  clib_os.o
    0x00000c4a   0x00000c4a   0x00000002   PAD
    0x00000c4c   0x00000c4c   0x0000000c   Code   RO          116    .text.is_thread_mode  clib_os.o
    0x00000c58   0x00000c58   0x00000040   Code   RO            8    .text.main          main.o
    0x00000c98   0x00000c98   0x00000034   Code   RO          136    .text.osKernelInitialize  cmsis_os2.o
    0x00000ccc   0x00000ccc   0x00000038   Code   RO          144    .text.osKernelStart  cmsis_os2.o
    0x00000d04   0x00000d04   0x000000cc   Code   RO          160    .text.osThreadNew   cmsis_os2.o
    0x00000dd0   0x00000dd0   0x00000010   Code   RO          110    .text.os_kernel_is_active  clib_os.o
    0x00000de0   0x00000de0   0x000000b2   Code   RO          587    .text.prvAddCurrentTaskToDelayedList  tasks.o
    0x00000e92   0x00000e92   0x00000002   PAD
    0x00000e94   0x00000e94   0x000000cc   Code   RO          571    .text.prvAddNewTaskToReadyList  tasks.o
    0x00000f60   0x00000f60   0x0000006a   Code   RO          750    .text.prvCheckForValidListAndQueue  timers.o
    0x00000fca   0x00000fca   0x00000002   PAD
    0x00000fcc   0x00000fcc   0x0000004e   Code   RO          621    .text.prvCheckTasksWaitingTermination  tasks.o
    0x0000101a   0x0000101a   0x00000002   PAD
    0x0000101c   0x0000101c   0x00000026   Code   RO          523    .text.prvCopyDataFromQueue  queue.o
    0x00001042   0x00001042   0x00000002   PAD
    0x00001044   0x00001044   0x0000007a   Code   RO          511    .text.prvCopyDataToQueue  queue.o
    0x000010be   0x000010be   0x00000002   PAD
    0x000010c0   0x000010c0   0x00000056   Code   RO          617    .text.prvCreateIdleTasks  tasks.o
    0x00001116   0x00001116   0x00000002   PAD
    0x00001118   0x00001118   0x0000004c   Code   RO          569    .text.prvCreateStaticTask  tasks.o
    0x00001164   0x00001164   0x0000005c   Code   RO          575    .text.prvCreateTask  tasks.o
    0x000011c0   0x000011c0   0x00000020   Code   RO          581    .text.prvDeleteTCB  tasks.o
    0x000011e0   0x000011e0   0x00000012   Code   RO          527    .text.prvGetDisinheritPriorityAfterTimeout  queue.o
    0x000011f2   0x000011f2   0x00000002   PAD
    0x000011f4   0x000011f4   0x00000020   Code   RO          796    .text.prvGetNextExpireTime  timers.o
    0x00001214   0x00001214   0x0000006a   Code   RO          446    .text.prvHeapInit   heap_4.o
    0x0000127e   0x0000127e   0x00000002   PAD
    0x00001280   0x00001280   0x0000002a   Code   RO          711    .text.prvIdleTask   tasks.o
    0x000012aa   0x000012aa   0x00000002   PAD
    0x000012ac   0x000012ac   0x00000020   Code   RO          491    .text.prvInitialiseMutex  queue.o
    0x000012cc   0x000012cc   0x00000020   Code   RO          483    .text.prvInitialiseNewQueue  queue.o
    0x000012ec   0x000012ec   0x00000086   Code   RO          707    .text.prvInitialiseNewTask  tasks.o
    0x00001372   0x00001372   0x00000002   PAD
    0x00001374   0x00001374   0x00000070   Code   RO          709    .text.prvInitialiseTaskLists  tasks.o
    0x000013e4   0x000013e4   0x00000062   Code   RO          450    .text.prvInsertBlockIntoFreeList  heap_4.o
    0x00001446   0x00001446   0x00000002   PAD
    0x00001448   0x00001448   0x00000040   Code   RO          810    .text.prvInsertTimerInActiveList  timers.o
    0x00001488   0x00001488   0x00000018   Code   RO          525    .text.prvIsQueueEmpty  queue.o
    0x000014a0   0x000014a0   0x0000001c   Code   RO          513    .text.prvIsQueueFull  queue.o
    0x000014bc   0x000014bc   0x00000028   Code   RO          423    .text.prvPortStartFirstTask  port.o
    0x000014e4   0x000014e4   0x0000003e   Code   RO          804    .text.prvProcessExpiredTimer  timers.o
    0x00001522   0x00001522   0x00000002   PAD
    0x00001524   0x00001524   0x00000106   Code   RO          800    .text.prvProcessReceivedCommands  timers.o
    0x0000162a   0x0000162a   0x00000002   PAD
    0x0000162c   0x0000162c   0x00000080   Code   RO          798    .text.prvProcessTimerOrBlockTask  timers.o
    0x000016ac   0x000016ac   0x0000003a   Code   RO          808    .text.prvReloadTimer  timers.o
    0x000016e6   0x000016e6   0x00000002   PAD
    0x000016e8   0x000016e8   0x00000026   Code   RO          579    .text.prvResetNextTaskUnblockTime  tasks.o
    0x0000170e   0x0000170e   0x00000002   PAD
    0x00001710   0x00001710   0x0000002a   Code   RO          802    .text.prvSampleTimeNow  timers.o
    0x0000173a   0x0000173a   0x00000002   PAD
    0x0000173c   0x0000173c   0x00000034   Code   RO          806    .text.prvSwitchTimerLists  timers.o
    0x00001770   0x00001770   0x00000022   Code   RO          413    .text.prvTaskExitError  port.o
    0x00001792   0x00001792   0x00000002   PAD
    0x00001794   0x00001794   0x00000016   Code   RO          752    .text.prvTimerTask  timers.o
    0x000017aa   0x000017aa   0x00000002   PAD
    0x000017ac   0x000017ac   0x00000072   Code   RO          515    .text.prvUnlockQueue  queue.o
    0x0000181e   0x0000181e   0x00000002   PAD
    0x00001820   0x00001820   0x000000f6   Code   RO          444    .text.pvPortMalloc  heap_4.o
    0x00001916   0x00001916   0x00000002   PAD
    0x00001918   0x00001918   0x00000018   Code   RO          685    .text.pvTaskIncrementMutexHeldCount  tasks.o
    0x00001930   0x00001930   0x00000028   Code   RO          411    .text.pxPortInitialiseStack  port.o
    0x00001958   0x00001958   0x00000026   Code   RO          401    .text.uxListRemove  list.o
    0x0000197e   0x0000197e   0x00000002   PAD
    0x00001980   0x00001980   0x0000001a   Code   RO          701    .text.vApplicationGetIdleTaskMemory  tasks.o
    0x0000199a   0x0000199a   0x00000002   PAD
    0x0000199c   0x0000199c   0x0000001a   Code   RO          703    .text.vApplicationGetTimerTaskMemory  tasks.o
    0x000019b6   0x000019b6   0x00000002   PAD
    0x000019b8   0x000019b8   0x00000002   Code   RO          288    .text.vApplicationStackOverflowHook  cmsis_os2.o
    0x000019ba   0x000019ba   0x00000002   PAD
    0x000019bc   0x000019bc   0x00000016   Code   RO          393    .text.vListInitialise  list.o
    0x000019d2   0x000019d2   0x00000002   PAD
    0x000019d4   0x000019d4   0x00000006   Code   RO          395    .text.vListInitialiseItem  list.o
    0x000019da   0x000019da   0x00000002   PAD
    0x000019dc   0x000019dc   0x0000003a   Code   RO          399    .text.vListInsert   list.o
    0x00001a16   0x00001a16   0x00000002   PAD
    0x00001a18   0x00001a18   0x00000014   Code   RO          421    .text.vPortEnableVFP  port.o
    0x00001a2c   0x00001a2c   0x00000020   Code   RO          427    .text.vPortEnterCritical  port.o
    0x00001a4c   0x00001a4c   0x0000001a   Code   RO          429    .text.vPortExitCritical  port.o
    0x00001a66   0x00001a66   0x00000002   PAD
    0x00001a68   0x00001a68   0x00000056   Code   RO          448    .text.vPortFree     heap_4.o
    0x00001abe   0x00001abe   0x00000002   PAD
    0x00001ac0   0x00001ac0   0x00000034   Code   RO          419    .text.vPortSetupTimerInterrupt  port.o
    0x00001af4   0x00001af4   0x00000010   Code   RO          541    .text.vQueueDelete  queue.o
    0x00001b04   0x00001b04   0x00000044   Code   RO          557    .text.vQueueWaitForMessageRestricted  queue.o
    0x00001b48   0x00001b48   0x0000001a   Code   RO          655    .text.vTaskInternalSetTimeOutState  tasks.o
    0x00001b62   0x00001b62   0x00000002   PAD
    0x00001b64   0x00001b64   0x0000000e   Code   RO          659    .text.vTaskMissedYield  tasks.o
    0x00001b72   0x00001b72   0x00000002   PAD
    0x00001b74   0x00001b74   0x0000001e   Code   RO          643    .text.vTaskPlaceOnEventList  tasks.o
    0x00001b92   0x00001b92   0x00000002   PAD
    0x00001b94   0x00001b94   0x00000050   Code   RO          647    .text.vTaskPlaceOnEventListRestricted  tasks.o
    0x00001be4   0x00001be4   0x00000080   Code   RO          681    .text.vTaskPriorityDisinheritAfterTimeout  tasks.o
    0x00001c64   0x00001c64   0x00000058   Code   RO          615    .text.vTaskStartScheduler  tasks.o
    0x00001cbc   0x00001cbc   0x00000010   Code   RO          585    .text.vTaskSuspendAll  tasks.o
    0x00001ccc   0x00001ccc   0x000000ac   Code   RO          607    .text.vTaskSwitchContext  tasks.o
    0x00001d78   0x00001d78   0x0000004e   Code   RO          417    .text.xPortStartScheduler  port.o
    0x00001dc6   0x00001dc6   0x00000002   PAD
    0x00001dc8   0x00001dc8   0x0000002e   Code   RO          433    .text.xPortSysTickHandler  port.o
    0x00001df6   0x00001df6   0x00000002   PAD
    0x00001df8   0x00001df8   0x00000016   Code   RO          489    .text.xQueueCreateMutex  queue.o
    0x00001e0e   0x00001e0e   0x00000002   PAD
    0x00001e10   0x00001e10   0x00000022   Code   RO          493    .text.xQueueCreateMutexStatic  queue.o
    0x00001e32   0x00001e32   0x00000002   PAD
    0x00001e34   0x00001e34   0x0000004c   Code   RO          487    .text.xQueueGenericCreate  queue.o
    0x00001e80   0x00001e80   0x0000003a   Code   RO          481    .text.xQueueGenericCreateStatic  queue.o
    0x00001eba   0x00001eba   0x00000002   PAD
    0x00001ebc   0x00001ebc   0x00000080   Code   RO          479    .text.xQueueGenericReset  queue.o
    0x00001f3c   0x00001f3c   0x00000136   Code   RO          501    .text.xQueueGenericSend  queue.o
    0x00002072   0x00002072   0x00000002   PAD
    0x00002074   0x00002074   0x00000128   Code   RO          521    .text.xQueueReceive  queue.o
    0x0000219c   0x0000219c   0x00000162   Code   RO          505    .text.xQueueSemaphoreTake  queue.o
    0x000022fe   0x000022fe   0x00000002   PAD
    0x00002300   0x00002300   0x0000007c   Code   RO          657    .text.xTaskCheckForTimeOut  tasks.o
    0x0000237c   0x0000237c   0x00000024   Code   RO          573    .text.xTaskCreate   tasks.o
    0x000023a0   0x000023a0   0x0000002a   Code   RO          567    .text.xTaskCreateStatic  tasks.o
    0x000023ca   0x000023ca   0x00000002   PAD
    0x000023cc   0x000023cc   0x00000026   Code   RO          675    .text.xTaskGetSchedulerState  tasks.o
    0x000023f2   0x000023f2   0x00000002   PAD
    0x000023f4   0x000023f4   0x0000000c   Code   RO          625    .text.xTaskGetTickCount  tasks.o
    0x00002400   0x00002400   0x00000194   Code   RO          623    .text.xTaskIncrementTick  tasks.o
    0x00002594   0x00002594   0x00000070   Code   RO          679    .text.xTaskPriorityDisinherit  tasks.o
    0x00002604   0x00002604   0x000000a6   Code   RO          677    .text.xTaskPriorityInherit  tasks.o
    0x000026aa   0x000026aa   0x00000002   PAD
    0x000026ac   0x000026ac   0x000000e0   Code   RO          649    .text.xTaskRemoveFromEventList  tasks.o
    0x0000278c   0x0000278c   0x0000015c   Code   RO          589    .text.xTaskResumeAll  tasks.o
    0x000028e8   0x000028e8   0x00000068   Code   RO          748    .text.xTimerCreateTimerTask  timers.o
    0x00002950   0x00002950   0x0000001a   Code   RO          900    x$fpl$fpinit        fz_wm.l(fpinit.o)
    0x0000296a   0x0000296a   0x00000015   Data   RO           10    .rodata.str1.1      main.o
    0x0000297f   0x0000297f   0x00000001   PAD
    0x00002980   0x00002980   0x00000004   Data   RO          729    .rodata.uxTopUsedPriority  tasks.o
    0x00002984   0x00002984   0x00000020   Data   RO         1114    Region$$Table       anon$$obj.o


    Execution Region ER_RW (Exec base: 0x20000000, Load base: 0x000029a4, Size: 0x00000008, Max: 0xffffffff, ABSOLUTE)

    Exec Addr    Load Addr    Size         Type   Attr      Idx    E Section Name        Object

    0x20000000   0x000029a4   0x00000004   Data   RW          342    .data.SystemCoreClock  system_tm4c123.o
    0x20000004   0x000029a8   0x00000004   Data   RW          435    .data.uxCriticalNesting  port.o


    Execution Region ER_ZI (Exec base: 0x20000008, Load base: 0x000029ac, Size: 0x00002df8, Max: 0xffffffff, ABSOLUTE)

    Exec Addr    Load Addr    Size         Type   Attr      Idx    E Section Name        Object

    0x20000008        -       0x00000060   Zero   RW          939    .bss                c_wu.l(libspace.o)
    0x20000068        -       0x00000004   Zero   RW          290    .bss.KernelState    cmsis_os2.o
    0x2000006c        -       0x00000190   Zero   RW          125    .bss.clib_mutex_cb  clib_os.o
    0x200001fc        -       0x00000014   Zero   RW          124    .bss.clib_mutex_id  clib_os.o
    0x20000210        -       0x00000050   Zero   RW          820    .bss.prvCheckForValidListAndQueue.ucStaticTimerQueueStorage  timers.o
    0x20000260        -       0x00000050   Zero   RW          819    .bss.prvCheckForValidListAndQueue.xStaticTimerQueue  timers.o
    0x200002b0        -       0x00000004   Zero   RW          816    .bss.prvSampleTimeNow.xLastTime  timers.o
    0x200002b4        -       0x00000004   Zero   RW          713    .bss.pxCurrentTCB   tasks.o
    0x200002b8        -       0x00000004   Zero   RW          814    .bss.pxCurrentTimerList  timers.o
    0x200002bc        -       0x00000004   Zero   RW          720    .bss.pxDelayedTaskList  tasks.o
    0x200002c0        -       0x00000004   Zero   RW          464    .bss.pxEnd          heap_4.o
    0x200002c4        -       0x00000004   Zero   RW          721    .bss.pxOverflowDelayedTaskList  tasks.o
    0x200002c8        -       0x00000004   Zero   RW          815    .bss.pxOverflowTimerList  timers.o
    0x200002cc        -       0x00000460   Zero   RW          724    .bss.pxReadyTasksLists  tasks.o
    0x2000072c        -       0x00002000   Zero   RW          470    .bss.ucHeap         heap_4.o
    0x2000272c        -       0x00000004   Zero   RW          718    .bss.uxCurrentNumberOfTasks  tasks.o
    0x20002730        -       0x00000004   Zero   RW          717    .bss.uxDeletedTasksWaitingCleanUp  tasks.o
    0x20002734        -       0x00000004   Zero   RW          726    .bss.uxSchedulerSuspended  tasks.o
    0x20002738        -       0x00000004   Zero   RW          714    .bss.uxTaskNumber   tasks.o
    0x2000273c        -       0x00000004   Zero   RW          725    .bss.uxTopReadyPriority  tasks.o
    0x20002740        -       0x00000200   Zero   RW          733    .bss.vApplicationGetIdleTaskMemory.uxIdleTaskStack  tasks.o
    0x20002940        -       0x0000005c   Zero   RW          732    .bss.vApplicationGetIdleTaskMemory.xIdleTaskTCB  tasks.o
    0x2000299c        -       0x00000140   Zero   RW          735    .bss.vApplicationGetTimerTaskMemory.uxTimerTaskStack  tasks.o
    0x20002adc        -       0x0000005c   Zero   RW          734    .bss.vApplicationGetTimerTaskMemory.xTimerTaskTCB  tasks.o
    0x20002b38        -       0x00000014   Zero   RW          817    .bss.xActiveTimerList1  timers.o
    0x20002b4c        -       0x00000014   Zero   RW          818    .bss.xActiveTimerList2  timers.o
    0x20002b60        -       0x00000014   Zero   RW          736    .bss.xDelayedTaskList1  tasks.o
    0x20002b74        -       0x00000014   Zero   RW          737    .bss.xDelayedTaskList2  tasks.o
    0x20002b88        -       0x00000004   Zero   RW          465    .bss.xFreeBytesRemaining  heap_4.o
    0x20002b8c        -       0x00000004   Zero   RW          739    .bss.xIdleTaskHandles.0  tasks.o
    0x20002b90        -       0x00000004   Zero   RW          467    .bss.xMinimumEverFreeBytesRemaining  heap_4.o
    0x20002b94        -       0x00000004   Zero   RW          728    .bss.xNextTaskUnblockTime  tasks.o
    0x20002b98        -       0x00000004   Zero   RW          731    .bss.xNumOfOverflows  tasks.o
    0x20002b9c        -       0x00000004   Zero   RW          468    .bss.xNumberOfSuccessfulAllocations  heap_4.o
    0x20002ba0        -       0x00000004   Zero   RW          469    .bss.xNumberOfSuccessfulFrees  heap_4.o
    0x20002ba4        -       0x00000004   Zero   RW          730    .bss.xPendedTicks   tasks.o
    0x20002ba8        -       0x00000014   Zero   RW          722    .bss.xPendingReadyList  tasks.o
    0x20002bbc        -       0x00000004   Zero   RW          715    .bss.xSchedulerRunning  tasks.o
    0x20002bc0        -       0x00000008   Zero   RW          466    .bss.xStart         heap_4.o
    0x20002bc8        -       0x00000014   Zero   RW          723    .bss.xSuspendedTaskList  tasks.o
    0x20002bdc        -       0x00000014   Zero   RW          716    .bss.xTasksWaitingTermination  tasks.o
    0x20002bf0        -       0x00000004   Zero   RW          719    .bss.xTickCount     tasks.o
    0x20002bf4        -       0x00000004   Zero   RW          812    .bss.xTimerQueue    timers.o
    0x20002bf8        -       0x00000004   Zero   RW          813    .bss.xTimerTaskHandle  timers.o
    0x20002bfc        -       0x00000004   Zero   RW          727    .bss.xYieldPendings  tasks.o
    0x20002c00        -       0x00000000   Zero   RW          327    HEAP                startup_tm4c123.o
    0x20002c00        -       0x00000200   Zero   RW          326    STACK               startup_tm4c123.o


==============================================================================

Image component sizes


      Code (inc. data)   RO Data    RW Data    ZI Data      Debug   Object Name

       220          0          0          0          0      21671   bluetooth.o
       256          0          0          0        420       4523   clib_os.o
       386          0          0          0          4      38396   cmsis_os2.o
       124          0          0          0          0      15263   gpio.o
       536          0          0          0       8220       5063   heap_4.o
       124          0          0          0          0       2327   list.o
        86          0         21          0          0       7611   main.o
       290          0          0          0          0       8038   motor.o
       504         16          0          4          0       2971   port.o
      1770          0          0          0          0      19532   queue.o
       144          0          0          0          0       3165   servomotor.o
       276         24        620          0        512       5472   startup_tm4c123.o
       112          0          0          4          0       6608   system_tm4c123.o
      3208          0          4          0       2296      35092   tasks.o
       932         18          0          0        220      14227   timers.o
       166          0          0          0          0       8036   utils.o

    ----------------------------------------------------------------------
      9264         70        678          8      11672     197995   Object Totals
         0          0         32          0          0          0   (incl. Generated)
       130         12          1          0          0          0   (incl. Padding)

    ----------------------------------------------------------------------

      Code (inc. data)   RO Data    RW Data    ZI Data      Debug   Library Member Name

         8          0          0          0          0         68   __main.o
         0          0          0          0          0          0   __rtentry.o
        20          0          0          0          0          0   __rtentry2.o
         6          0          0          0          0          0   __rtentry4.o
        52          8          0          0          0          0   __scatter.o
        26          0          0          0          0          0   __scatter_copy.o
        28          0          0          0          0          0   __scatter_zi.o
        16          0          0          0          0         68   aeabi_memset4.o
        18          0          0          0          0         80   exit.o
         6          0          0          0          0        152   heapauxi.o
         0          0          0          0          0          0   indicate_semi.o
         2          0          0          0          0          0   libinit.o
         6          0          0          0          0          0   libinit2.o
         2          0          0          0          0          0   libshutdown.o
         2          0          0          0          0          0   libshutdown2.o
         8          4          0          0         96         68   libspace.o
        68          0          0          0          0         68   rt_memclr.o
        78          0          0          0          0         80   rt_memclr_w.o
       138          0          0          0          0         68   rt_memcpy_v6.o
       100          0          0          0          0         80   rt_memcpy_w.o
         2          0          0          0          0          0   rtexit.o
        10          0          0          0          0          0   rtexit2.o
        12          4          0          0          0         68   sys_exit.o
        74          0          0          0          0         80   sys_stackheap_outer.o
         2          0          0          0          0         68   use_no_semi.o
        26          0          0          0          0        116   fpinit.o

    ----------------------------------------------------------------------
       718         16          0          0         96       1064   Library Totals
         8          0          0          0          0          0   (incl. Padding)

    ----------------------------------------------------------------------

      Code (inc. data)   RO Data    RW Data    ZI Data      Debug   Library Name

       684         16          0          0         96        948   c_wu.l
        26          0          0          0          0        116   fz_wm.l

    ----------------------------------------------------------------------
       718         16          0          0         96       1064   Library Totals

    ----------------------------------------------------------------------

==============================================================================


      Code (inc. data)   RO Data    RW Data    ZI Data      Debug   

      9982         86        678          8      11768     198419   Grand Totals
      9982         86        678          8      11768     198419   ELF Image Totals
      9982         86        678          8          0          0   ROM Totals

==============================================================================

    Total RO  Size (Code + RO Data)                10660 (  10.41kB)
    Total RW  Size (RW Data + ZI Data)             11776 (  11.50kB)
    Total ROM Size (Code + RO Data + RW Data)      10668 (  10.42kB)

==============================================================================

